../Core/Src/stm32f3xx_it.c:75:6:NMI_Handler	4	static
../Core/Src/stm32f3xx_it.c:90:6:HardFault_Handler	4	static
../Core/Src/stm32f3xx_it.c:105:6:SVC_Handler	4	static
../Core/Src/stm32f3xx_it.c:118:6:PendSV_Handler	4	static
../Core/Src/stm32f3xx_it.c:131:6:SysTick_Handler	4	static
../Core/Src/stm32f3xx_it.c:155:6:Button0_Press	8	static
../Core/Src/stm32f3xx_it.c:182:6:Button1_Press	8	static
../Core/Src/stm32f3xx_it.c:209:6:EXTI4_IRQHandler	8	static
../Core/Src/stm32f3xx_it.c:224:6:EXTI0_IRQHandler	8	static
