Archive member included to satisfy reference by file (symbol)

c:/st/stm32cubeide_1.10.1/stm32cubeide/plugins/com.st.stm32cube.ide.mcu.externaltools.gnu-tools-for-stm32.10.3-2021.10.win32_1.0.0.202111181127/tools/bin/../lib/gcc/arm-none-eabi/10.3.1/../../../../arm-none-eabi/lib/thumb/v7e-m+fp/hard\libc_nano.a(lib_a-errno.o)
                              ./Core/Src/syscalls.o (__errno)
c:/st/stm32cubeide_1.10.1/stm32cubeide/plugins/com.st.stm32cube.ide.mcu.externaltools.gnu-tools-for-stm32.10.3-2021.10.win32_1.0.0.202111181127/tools/bin/../lib/gcc/arm-none-eabi/10.3.1/../../../../arm-none-eabi/lib/thumb/v7e-m+fp/hard\libc_nano.a(lib_a-exit.o)
                              c:/st/stm32cubeide_1.10.1/stm32cubeide/plugins/com.st.stm32cube.ide.mcu.externaltools.gnu-tools-for-stm32.10.3-2021.10.win32_1.0.0.202111181127/tools/bin/../lib/gcc/arm-none-eabi/10.3.1/../../../../arm-none-eabi/lib/thumb/v7e-m+fp/hard/crt0.o (exit)
c:/st/stm32cubeide_1.10.1/stm32cubeide/plugins/com.st.stm32cube.ide.mcu.externaltools.gnu-tools-for-stm32.10.3-2021.10.win32_1.0.0.202111181127/tools/bin/../lib/gcc/arm-none-eabi/10.3.1/../../../../arm-none-eabi/lib/thumb/v7e-m+fp/hard\libc_nano.a(lib_a-impure.o)
                              c:/st/stm32cubeide_1.10.1/stm32cubeide/plugins/com.st.stm32cube.ide.mcu.externaltools.gnu-tools-for-stm32.10.3-2021.10.win32_1.0.0.202111181127/tools/bin/../lib/gcc/arm-none-eabi/10.3.1/../../../../arm-none-eabi/lib/thumb/v7e-m+fp/hard\libc_nano.a(lib_a-exit.o) (_global_impure_ptr)
c:/st/stm32cubeide_1.10.1/stm32cubeide/plugins/com.st.stm32cube.ide.mcu.externaltools.gnu-tools-for-stm32.10.3-2021.10.win32_1.0.0.202111181127/tools/bin/../lib/gcc/arm-none-eabi/10.3.1/../../../../arm-none-eabi/lib/thumb/v7e-m+fp/hard\libc_nano.a(lib_a-init.o)
                              c:/st/stm32cubeide_1.10.1/stm32cubeide/plugins/com.st.stm32cube.ide.mcu.externaltools.gnu-tools-for-stm32.10.3-2021.10.win32_1.0.0.202111181127/tools/bin/../lib/gcc/arm-none-eabi/10.3.1/../../../../arm-none-eabi/lib/thumb/v7e-m+fp/hard/crt0.o (__libc_init_array)
c:/st/stm32cubeide_1.10.1/stm32cubeide/plugins/com.st.stm32cube.ide.mcu.externaltools.gnu-tools-for-stm32.10.3-2021.10.win32_1.0.0.202111181127/tools/bin/../lib/gcc/arm-none-eabi/10.3.1/../../../../arm-none-eabi/lib/thumb/v7e-m+fp/hard\libc_nano.a(lib_a-memset.o)
                              c:/st/stm32cubeide_1.10.1/stm32cubeide/plugins/com.st.stm32cube.ide.mcu.externaltools.gnu-tools-for-stm32.10.3-2021.10.win32_1.0.0.202111181127/tools/bin/../lib/gcc/arm-none-eabi/10.3.1/../../../../arm-none-eabi/lib/thumb/v7e-m+fp/hard/crt0.o (memset)

Discarded input sections

 .text          0x0000000000000000        0x0 c:/st/stm32cubeide_1.10.1/stm32cubeide/plugins/com.st.stm32cube.ide.mcu.externaltools.gnu-tools-for-stm32.10.3-2021.10.win32_1.0.0.202111181127/tools/bin/../lib/gcc/arm-none-eabi/10.3.1/thumb/v7e-m+fp/hard/crti.o
 .data          0x0000000000000000        0x0 c:/st/stm32cubeide_1.10.1/stm32cubeide/plugins/com.st.stm32cube.ide.mcu.externaltools.gnu-tools-for-stm32.10.3-2021.10.win32_1.0.0.202111181127/tools/bin/../lib/gcc/arm-none-eabi/10.3.1/thumb/v7e-m+fp/hard/crti.o
 .bss           0x0000000000000000        0x0 c:/st/stm32cubeide_1.10.1/stm32cubeide/plugins/com.st.stm32cube.ide.mcu.externaltools.gnu-tools-for-stm32.10.3-2021.10.win32_1.0.0.202111181127/tools/bin/../lib/gcc/arm-none-eabi/10.3.1/thumb/v7e-m+fp/hard/crti.o
 .data          0x0000000000000000        0x4 c:/st/stm32cubeide_1.10.1/stm32cubeide/plugins/com.st.stm32cube.ide.mcu.externaltools.gnu-tools-for-stm32.10.3-2021.10.win32_1.0.0.202111181127/tools/bin/../lib/gcc/arm-none-eabi/10.3.1/thumb/v7e-m+fp/hard/crtbegin.o
 .rodata        0x0000000000000000       0x24 c:/st/stm32cubeide_1.10.1/stm32cubeide/plugins/com.st.stm32cube.ide.mcu.externaltools.gnu-tools-for-stm32.10.3-2021.10.win32_1.0.0.202111181127/tools/bin/../lib/gcc/arm-none-eabi/10.3.1/thumb/v7e-m+fp/hard/crtbegin.o
 .text          0x0000000000000000       0x7c c:/st/stm32cubeide_1.10.1/stm32cubeide/plugins/com.st.stm32cube.ide.mcu.externaltools.gnu-tools-for-stm32.10.3-2021.10.win32_1.0.0.202111181127/tools/bin/../lib/gcc/arm-none-eabi/10.3.1/../../../../arm-none-eabi/lib/thumb/v7e-m+fp/hard/crt0.o
 .data          0x0000000000000000        0x0 c:/st/stm32cubeide_1.10.1/stm32cubeide/plugins/com.st.stm32cube.ide.mcu.externaltools.gnu-tools-for-stm32.10.3-2021.10.win32_1.0.0.202111181127/tools/bin/../lib/gcc/arm-none-eabi/10.3.1/../../../../arm-none-eabi/lib/thumb/v7e-m+fp/hard/crt0.o
 .bss           0x0000000000000000        0x0 c:/st/stm32cubeide_1.10.1/stm32cubeide/plugins/com.st.stm32cube.ide.mcu.externaltools.gnu-tools-for-stm32.10.3-2021.10.win32_1.0.0.202111181127/tools/bin/../lib/gcc/arm-none-eabi/10.3.1/../../../../arm-none-eabi/lib/thumb/v7e-m+fp/hard/crt0.o
[...]
Memory Configuration

Name             Origin             Length             Attributes
CCMRAM           0x0000000010000000 0x0000000000004000 xrw
RAM              0x0000000020000000 0x0000000000010000 xrw
FLASH            0x0000000008000000 0x0000000000080000 xr
*default*        0x0000000000000000 0xffffffffffffffff

Linker script and memory map

LOAD c:/st/stm32cubeide_1.10.1/stm32cubeide/plugins/com.st.stm32cube.ide.mcu.externaltools.gnu-tools-for-stm32.10.3-2021.10.win32_1.0.0.202111181127/tools/bin/../lib/gcc/arm-none-eabi/10.3.1/thumb/v7e-m+fp/hard/crti.o
LOAD c:/st/stm32cubeide_1.10.1/stm32cubeide/plugins/com.st.stm32cube.ide.mcu.externaltools.gnu-tools-for-stm32.10.3-2021.10.win32_1.0.0.202111181127/tools/bin/../lib/gcc/arm-none-eabi/10.3.1/thumb/v7e-m+fp/hard/crtbegin.o
LOAD c:/st/stm32cubeide_1.10.1/stm32cubeide/plugins/com.st.stm32cube.ide.mcu.externaltools.gnu-tools-for-stm32.10.3-2021.10.win32_1.0.0.202111181127/tools/bin/../lib/gcc/arm-none-eabi/10.3.1/../../../../arm-none-eabi/lib/thumb/v7e-m+fp/hard/crt0.o
LOAD ./Core/Src/library.o
LOAD ./Core/Src/main.o
LOAD ./Core/Src/stm32f3xx_hal_msp.o
LOAD ./Core/Src/stm32f3xx_it.o
LOAD ./Core/Src/syscalls.o
LOAD ./Core/Src/sysmem.o
LOAD ./Core/Src/system_stm32f3xx.o
LOAD ./Core/Startup/startup_stm32f303retx.o
LOAD ./Drivers/STM32F3xx_HAL_Driver/Src/stm32f3xx_hal.o
LOAD ./Drivers/STM32F3xx_HAL_Driver/Src/stm32f3xx_hal_cortex.o
LOAD ./Drivers/STM32F3xx_HAL_Driver/Src/stm32f3xx_hal_dma.o
LOAD ./Drivers/STM32F3xx_HAL_Driver/Src/stm32f3xx_hal_exti.o
LOAD ./Drivers/STM32F3xx_HAL_Driver/Src/stm32f3xx_hal_flash.o
LOAD ./Drivers/STM32F3xx_HAL_Driver/Src/stm32f3xx_hal_flash_ex.o
LOAD ./Drivers/STM32F3xx_HAL_Driver/Src/stm32f3xx_hal_gpio.o
LOAD ./Drivers/STM32F3xx_HAL_Driver/Src/stm32f3xx_hal_i2c.o
LOAD ./Drivers/STM32F3xx_HAL_Driver/Src/stm32f3xx_hal_i2c_ex.o
LOAD ./Drivers/STM32F3xx_HAL_Driver/Src/stm32f3xx_hal_pwr.o
LOAD ./Drivers/STM32F3xx_HAL_Driver/Src/stm32f3xx_hal_pwr_ex.o
LOAD ./Drivers/STM32F3xx_HAL_Driver/Src/stm32f3xx_hal_rcc.o
LOAD ./Drivers/STM32F3xx_HAL_Driver/Src/stm32f3xx_hal_rcc_ex.o
LOAD ./Drivers/STM32F3xx_HAL_Driver/Src/stm32f3xx_hal_tim.o
LOAD ./Drivers/STM32F3xx_HAL_Driver/Src/stm32f3xx_hal_tim_ex.o
LOAD ./Drivers/STM32F3xx_HAL_Driver/Src/stm32f3xx_hal_uart.o
LOAD ./Drivers/STM32F3xx_HAL_Driver/Src/stm32f3xx_hal_uart_ex.o
START GROUP
LOAD c:/st/stm32cubeide_1.10.1/stm32cubeide/plugins/com.st.stm32cube.ide.mcu.externaltools.gnu-tools-for-stm32.10.3-2021.10.win32_1.0.0.202111181127/tools/bin/../lib/gcc/arm-none-eabi/10.3.1/../../../../arm-none-eabi/lib/thumb/v7e-m+fp/hard\libc_nano.a
LOAD c:/st/stm32cubeide_1.10.1/stm32cubeide/plugins/com.st.stm32cube.ide.mcu.externaltools.gnu-tools-for-stm32.10.3-2021.10.win32_1.0.0.202111181127/tools/bin/../lib/gcc/arm-none-eabi/10.3.1/../../../../arm-none-eabi/lib/thumb/v7e-m+fp/hard\libm.a
END GROUP
START GROUP
LOAD c:/st/stm32cubeide_1.10.1/stm32cubeide/plugins/com.st.stm32cube.ide.mcu.externaltools.gnu-tools-for-stm32.10.3-2021.10.win32_1.0.0.202111181127/tools/bin/../lib/gcc/arm-none-eabi/10.3.1/thumb/v7e-m+fp/hard\libgcc.a
LOAD c:/st/stm32cubeide_1.10.1/stm32cubeide/plugins/com.st.stm32cube.ide.mcu.externaltools.gnu-tools-for-stm32.10.3-2021.10.win32_1.0.0.202111181127/tools/bin/../lib/gcc/arm-none-eabi/10.3.1/../../../../arm-none-eabi/lib/thumb/v7e-m+fp/hard\libc_nano.a
END GROUP
START GROUP
LOAD c:/st/stm32cubeide_1.10.1/stm32cubeide/plugins/com.st.stm32cube.ide.mcu.externaltools.gnu-tools-for-stm32.10.3-2021.10.win32_1.0.0.202111181127/tools/bin/../lib/gcc/arm-none-eabi/10.3.1/thumb/v7e-m+fp/hard\libgcc.a
LOAD c:/st/stm32cubeide_1.10.1/stm32cubeide/plugins/com.st.stm32cube.ide.mcu.externaltools.gnu-tools-for-stm32.10.3-2021.10.win32_1.0.0.202111181127/tools/bin/../lib/gcc/arm-none-eabi/10.3.1/../../../../arm-none-eabi/lib/thumb/v7e-m+fp/hard\libc_nano.a
LOAD c:/st/stm32cubeide_1.10.1/stm32cubeide/plugins/com.st.stm32cube.ide.mcu.externaltools.gnu-tools-for-stm32.10.3-2021.10.win32_1.0.0.202111181127/tools/bin/../lib/gcc/arm-none-eabi/10.3.1/../../../../arm-none-eabi/lib/thumb/v7e-m+fp/hard\libnosys.a
END GROUP
START GROUP
LOAD c:/st/stm32cubeide_1.10.1/stm32cubeide/plugins/com.st.stm32cube.ide.mcu.externaltools.gnu-tools-for-stm32.10.3-2021.10.win32_1.0.0.202111181127/tools/bin/../lib/gcc/arm-none-eabi/10.3.1/thumb/v7e-m+fp/hard\libgcc.a
LOAD c:/st/stm32cubeide_1.10.1/stm32cubeide/plugins/com.st.stm32cube.ide.mcu.externaltools.gnu-tools-for-stm32.10.3-2021.10.win32_1.0.0.202111181127/tools/bin/../lib/gcc/arm-none-eabi/10.3.1/../../../../arm-none-eabi/lib/thumb/v7e-m+fp/hard\libc_nano.a
LOAD c:/st/stm32cubeide_1.10.1/stm32cubeide/plugins/com.st.stm32cube.ide.mcu.externaltools.gnu-tools-for-stm32.10.3-2021.10.win32_1.0.0.202111181127/tools/bin/../lib/gcc/arm-none-eabi/10.3.1/../../../../arm-none-eabi/lib/thumb/v7e-m+fp/hard\libnosys.a
END GROUP
LOAD c:/st/stm32cubeide_1.10.1/stm32cubeide/plugins/com.st.stm32cube.ide.mcu.externaltools.gnu-tools-for-stm32.10.3-2021.10.win32_1.0.0.202111181127/tools/bin/../lib/gcc/arm-none-eabi/10.3.1/thumb/v7e-m+fp/hard/crtend.o
LOAD c:/st/stm32cubeide_1.10.1/stm32cubeide/plugins/com.st.stm32cube.ide.mcu.externaltools.gnu-tools-for-stm32.10.3-2021.10.win32_1.0.0.202111181127/tools/bin/../lib/gcc/arm-none-eabi/10.3.1/thumb/v7e-m+fp/hard/crtn.o
                0x0000000020010000                _estack = (ORIGIN (RAM) + LENGTH (RAM))
                0x0000000000000200                _Min_Heap_Size = 0x200
                0x0000000000000400                _Min_Stack_Size = 0x400

.isr_vector     0x0000000008000000      0x194
                0x0000000008000000                . = ALIGN (0x4)
 *(.isr_vector)
 .isr_vector    0x0000000008000000      0x194 ./Core/Startup/startup_stm32f303retx.o
                0x0000000008000000                g_pfnVectors
                0x0000000008000194                . = ALIGN (0x4)

.text           0x0000000008000194     0x2d98
                0x0000000008000194                . = ALIGN (0x4)
 *(.text)
 .text          0x0000000008000194       0x40 c:/st/stm32cubeide_1.10.1/stm32cubeide/plugins/com.st.stm32cube.ide.mcu.externaltools.gnu-tools-for-stm32.10.3-2021.10.win32_1.0.0.202111181127/tools/bin/../lib/gcc/arm-none-eabi/10.3.1/thumb/v7e-m+fp/hard/crtbegin.o
 *(.text*)
 .text.SetMode  0x00000000080001d4       0x30 ./Core/Src/library.o
                0x00000000080001d4                SetMode
 .text.SetType  0x0000000008000204       0x2e ./Core/Src/library.o
                0x0000000008000204                SetType
 .text.SetSpeed
                0x0000000008000232       0x30 ./Core/Src/library.o
                0x0000000008000232                SetSpeed
 .text.SetPullType
                0x0000000008000262       0x30 ./Core/Src/library.o
                0x0000000008000262                SetPullType
 .text.SetPin   0x0000000008000292       0x52 ./Core/Src/library.o
                0x0000000008000292                SetPin
 .text.CMR_TIM2_config
                0x00000000080002e4       0xa8 ./Core/Src/library.o
                0x00000000080002e4                CMR_TIM2_config
 .text.main     0x000000000800038c       0x64 ./Core/Src/main.o
                0x000000000800038c                main
 .text.servo_pwm
                0x00000000080003f0       0x24 ./Core/Src/main.o
                0x00000000080003f0                servo_pwm
 .text.SystemClock_Config
                0x0000000008000414       0xbc ./Core/Src/main.o
                0x0000000008000414                SystemClock_Config
 .text.MX_USART2_UART_Init
                0x00000000080004d0       0x60 ./Core/Src/main.o
 .text.MX_GPIO_Init
                0x0000000008000530       0xcc ./Core/Src/main.o
 .text.Error_Handler
                0x00000000080005fc        0xa ./Core/Src/main.o
                0x00000000080005fc                Error_Handler
 *fill*         0x0000000008000606        0x2 
 .text.HAL_MspInit
                0x0000000008000608       0x48 ./Core/Src/stm32f3xx_hal_msp.o
                0x0000000008000608                HAL_MspInit
 .text.HAL_UART_MspInit
                0x0000000008000650       0x84 ./Core/Src/stm32f3xx_hal_msp.o
                0x0000000008000650                HAL_UART_MspInit
 .text.NMI_Handler
                0x00000000080006d4        0x6 ./Core/Src/stm32f3xx_it.o
                0x00000000080006d4                NMI_Handler
 .text.HardFault_Handler
                0x00000000080006da        0x6 ./Core/Src/stm32f3xx_it.o
                0x00000000080006da                HardFault_Handler
 .text.MemManage_Handler
                0x00000000080006e0        0x6 ./Core/Src/stm32f3xx_it.o
                0x00000000080006e0                MemManage_Handler
 .text.BusFault_Handler
                0x00000000080006e6        0x6 ./Core/Src/stm32f3xx_it.o
                0x00000000080006e6                BusFault_Handler
 .text.UsageFault_Handler
                0x00000000080006ec        0x6 ./Core/Src/stm32f3xx_it.o
                0x00000000080006ec                UsageFault_Handler
 .text.SVC_Handler
                0x00000000080006f2        0xe ./Core/Src/stm32f3xx_it.o
                0x00000000080006f2                SVC_Handler
 .text.DebugMon_Handler
                0x0000000008000700        0xe ./Core/Src/stm32f3xx_it.o
                0x0000000008000700                DebugMon_Handler
 .text.PendSV_Handler
                0x000000000800070e        0xe ./Core/Src/stm32f3xx_it.o
                0x000000000800070e                PendSV_Handler
 .text.SysTick_Handler
                0x000000000800071c        0xc ./Core/Src/stm32f3xx_it.o
                0x000000000800071c                SysTick_Handler
 .text.SystemInit
                0x0000000008000728       0x24 ./Core/Src/system_stm32f3xx.o
                0x0000000008000728                SystemInit
 .text.Reset_Handler
                0x000000000800074c       0x50 ./Core/Startup/startup_stm32f303retx.o
                0x000000000800074c                Reset_Handler
 .text.Default_Handler
                0x000000000800079c        0x2 ./Core/Startup/startup_stm32f303retx.o
                0x000000000800079c                RTC_Alarm_IRQHandler
                0x000000000800079c                TIM8_TRG_COM_IRQHandler
                0x000000000800079c                TIM8_CC_IRQHandler
                0x000000000800079c                SPI4_IRQHandler
                0x000000000800079c                TIM1_CC_IRQHandler
                0x000000000800079c                USB_HP_IRQHandler
                0x000000000800079c                PVD_IRQHandler
                0x000000000800079c                TAMP_STAMP_IRQHandler
                0x000000000800079c                EXTI3_IRQHandler
                0x000000000800079c                I2C3_ER_IRQHandler
                0x000000000800079c                USB_HP_CAN_TX_IRQHandler
                0x000000000800079c                EXTI0_IRQHandler
                0x000000000800079c                I2C2_EV_IRQHandler
                0x000000000800079c                FPU_IRQHandler
                0x000000000800079c                TIM1_UP_TIM16_IRQHandler
                0x000000000800079c                ADC1_2_IRQHandler
                0x000000000800079c                SPI1_IRQHandler
                0x000000000800079c                CAN_SCE_IRQHandler
                0x000000000800079c                TIM6_DAC_IRQHandler
                0x000000000800079c                TIM8_UP_IRQHandler
                0x000000000800079c                DMA2_Channel2_IRQHandler
                0x000000000800079c                DMA1_Channel4_IRQHandler
                0x000000000800079c                TIM20_TRG_COM_IRQHandler
                0x000000000800079c                USART3_IRQHandler
                0x000000000800079c                DMA1_Channel7_IRQHandler
                0x000000000800079c                UART5_IRQHandler
                0x000000000800079c                ADC3_IRQHandler
                0x000000000800079c                TIM4_IRQHandler
                0x000000000800079c                CAN_RX1_IRQHandler
                0x000000000800079c                DMA2_Channel1_IRQHandler
                0x000000000800079c                I2C1_EV_IRQHandler
                0x000000000800079c                DMA1_Channel6_IRQHandler
                0x000000000800079c                UART4_IRQHandler
                0x000000000800079c                DMA2_Channel4_IRQHandler
                0x000000000800079c                TIM3_IRQHandler
                0x000000000800079c                RCC_IRQHandler
                0x000000000800079c                TIM20_UP_IRQHandler
                0x000000000800079c                DMA1_Channel1_IRQHandler
                0x000000000800079c                Default_Handler
                0x000000000800079c                USBWakeUp_RMP_IRQHandler
                0x000000000800079c                EXTI15_10_IRQHandler
                0x000000000800079c                TIM7_IRQHandler
                0x000000000800079c                I2C3_EV_IRQHandler
                0x000000000800079c                EXTI9_5_IRQHandler
                0x000000000800079c                RTC_WKUP_IRQHandler
                0x000000000800079c                SPI2_IRQHandler
                0x000000000800079c                USB_LP_CAN_RX0_IRQHandler
                0x000000000800079c                DMA2_Channel5_IRQHandler
                0x000000000800079c                DMA1_Channel5_IRQHandler
                0x000000000800079c                USB_LP_IRQHandler
                0x000000000800079c                EXTI4_IRQHandler
                0x000000000800079c                TIM1_TRG_COM_TIM17_IRQHandler
                0x000000000800079c                DMA1_Channel3_IRQHandler
                0x000000000800079c                ADC4_IRQHandler
                0x000000000800079c                WWDG_IRQHandler
                0x000000000800079c                TIM2_IRQHandler
                0x000000000800079c                COMP7_IRQHandler
                0x000000000800079c                COMP1_2_3_IRQHandler
                0x000000000800079c                EXTI1_IRQHandler
                0x000000000800079c                USART2_IRQHandler
                0x000000000800079c                COMP4_5_6_IRQHandler
                0x000000000800079c                TIM20_BRK_IRQHandler
                0x000000000800079c                I2C2_ER_IRQHandler
                0x000000000800079c                DMA1_Channel2_IRQHandler
                0x000000000800079c                TIM8_BRK_IRQHandler
                0x000000000800079c                FLASH_IRQHandler
                0x000000000800079c                TIM20_CC_IRQHandler
                0x000000000800079c                USART1_IRQHandler
                0x000000000800079c                SPI3_IRQHandler
                0x000000000800079c                I2C1_ER_IRQHandler
                0x000000000800079c                FMC_IRQHandler
                0x000000000800079c                USBWakeUp_IRQHandler
                0x000000000800079c                DMA2_Channel3_IRQHandler
                0x000000000800079c                EXTI2_TSC_IRQHandler
                0x000000000800079c                TIM1_BRK_TIM15_IRQHandler
 *fill*         0x000000000800079e        0x2 
 .text.HAL_Init
                0x00000000080007a0       0x2c ./Drivers/STM32F3xx_HAL_Driver/Src/stm32f3xx_hal.o
                0x00000000080007a0                HAL_Init
 .text.HAL_InitTick
                0x00000000080007cc       0x60 ./Drivers/STM32F3xx_HAL_Driver/Src/stm32f3xx_hal.o
                0x00000000080007cc                HAL_InitTick
 .text.HAL_IncTick
                0x000000000800082c       0x28 ./Drivers/STM32F3xx_HAL_Driver/Src/stm32f3xx_hal.o
                0x000000000800082c                HAL_IncTick
 .text.HAL_GetTick
                0x0000000008000854       0x18 ./Drivers/STM32F3xx_HAL_Driver/Src/stm32f3xx_hal.o
                0x0000000008000854                HAL_GetTick
 .text.HAL_Delay
                0x000000000800086c       0x48 ./Drivers/STM32F3xx_HAL_Driver/Src/stm32f3xx_hal.o
                0x000000000800086c                HAL_Delay
 .text.__NVIC_SetPriorityGrouping
                0x00000000080008b4       0x48 ./Drivers/STM32F3xx_HAL_Driver/Src/stm32f3xx_hal_cortex.o
 .text.__NVIC_GetPriorityGrouping
                0x00000000080008fc       0x1c ./Drivers/STM32F3xx_HAL_Driver/Src/stm32f3xx_hal_cortex.o
 .text.__NVIC_SetPriority
                0x0000000008000918       0x54 ./Drivers/STM32F3xx_HAL_Driver/Src/stm32f3xx_hal_cortex.o
 .text.NVIC_EncodePriority
                0x000000000800096c       0x66 ./Drivers/STM32F3xx_HAL_Driver/Src/stm32f3xx_hal_cortex.o
 *fill*         0x00000000080009d2        0x2 
 .text.SysTick_Config
                0x00000000080009d4       0x44 ./Drivers/STM32F3xx_HAL_Driver/Src/stm32f3xx_hal_cortex.o
 .text.HAL_NVIC_SetPriorityGrouping
                0x0000000008000a18       0x16 ./Drivers/STM32F3xx_HAL_Driver/Src/stm32f3xx_hal_cortex.o
                0x0000000008000a18                HAL_NVIC_SetPriorityGrouping
 .text.HAL_NVIC_SetPriority
                0x0000000008000a2e       0x38 ./Drivers/STM32F3xx_HAL_Driver/Src/stm32f3xx_hal_cortex.o
                0x0000000008000a2e                HAL_NVIC_SetPriority
 .text.HAL_SYSTICK_Config
                0x0000000008000a66       0x18 ./Drivers/STM32F3xx_HAL_Driver/Src/stm32f3xx_hal_cortex.o
                0x0000000008000a66                HAL_SYSTICK_Config
 *fill*         0x0000000008000a7e        0x2 
 .text.HAL_GPIO_Init
                0x0000000008000a80      0x314 ./Drivers/STM32F3xx_HAL_Driver/Src/stm32f3xx_hal_gpio.o
                0x0000000008000a80                HAL_GPIO_Init
 .text.HAL_GPIO_WritePin
                0x0000000008000d94       0x30 ./Drivers/STM32F3xx_HAL_Driver/Src/stm32f3xx_hal_gpio.o
                0x0000000008000d94                HAL_GPIO_WritePin
 .text.HAL_RCC_OscConfig
                0x0000000008000dc4     0x10a8 ./Drivers/STM32F3xx_HAL_Driver/Src/stm32f3xx_hal_rcc.o
                0x0000000008000dc4                HAL_RCC_OscConfig
 .text.HAL_RCC_ClockConfig
                0x0000000008001e6c      0x2f8 ./Drivers/STM32F3xx_HAL_Driver/Src/stm32f3xx_hal_rcc.o
                0x0000000008001e6c                HAL_RCC_ClockConfig
 .text.HAL_RCC_GetSysClockFreq
                0x0000000008002164       0xd4 ./Drivers/STM32F3xx_HAL_Driver/Src/stm32f3xx_hal_rcc.o
                0x0000000008002164                HAL_RCC_GetSysClockFreq
 .text.HAL_RCC_GetHCLKFreq
                0x0000000008002238       0x18 ./Drivers/STM32F3xx_HAL_Driver/Src/stm32f3xx_hal_rcc.o
                0x0000000008002238                HAL_RCC_GetHCLKFreq
 .text.HAL_RCC_GetPCLK1Freq
                0x0000000008002250       0x44 ./Drivers/STM32F3xx_HAL_Driver/Src/stm32f3xx_hal_rcc.o
                0x0000000008002250                HAL_RCC_GetPCLK1Freq
 .text.HAL_RCC_GetPCLK2Freq
                0x0000000008002294       0x44 ./Drivers/STM32F3xx_HAL_Driver/Src/stm32f3xx_hal_rcc.o
                0x0000000008002294                HAL_RCC_GetPCLK2Freq
 .text.HAL_RCCEx_PeriphCLKConfig
                0x00000000080022d8      0x43c ./Drivers/STM32F3xx_HAL_Driver/Src/stm32f3xx_hal_rcc_ex.o
                0x00000000080022d8                HAL_RCCEx_PeriphCLKConfig
 .text.HAL_UART_Init
                0x0000000008002714       0x9c ./Drivers/STM32F3xx_HAL_Driver/Src/stm32f3xx_hal_uart.o
                0x0000000008002714                HAL_UART_Init
 .text.UART_SetConfig
                0x00000000080027b0      0x3ac ./Drivers/STM32F3xx_HAL_Driver/Src/stm32f3xx_hal_uart.o
                0x00000000080027b0                UART_SetConfig
 .text.UART_AdvFeatureConfig
                0x0000000008002b5c      0x144 ./Drivers/STM32F3xx_HAL_Driver/Src/stm32f3xx_hal_uart.o
                0x0000000008002b5c                UART_AdvFeatureConfig
 .text.UART_CheckIdleState
                0x0000000008002ca0       0x92 ./Drivers/STM32F3xx_HAL_Driver/Src/stm32f3xx_hal_uart.o
                0x0000000008002ca0                UART_CheckIdleState
 .text.UART_WaitOnFlagUntilTimeout
                0x0000000008002d32      0x188 ./Drivers/STM32F3xx_HAL_Driver/Src/stm32f3xx_hal_uart.o
                0x0000000008002d32                UART_WaitOnFlagUntilTimeout
 *fill*         0x0000000008002eba        0x2 
 .text.__libc_init_array
                0x0000000008002ebc       0x48 c:/st/stm32cubeide_1.10.1/stm32cubeide/plugins/com.st.stm32cube.ide.mcu.externaltools.gnu-tools-for-stm32.10.3-2021.10.win32_1.0.0.202111181127/tools/bin/../lib/gcc/arm-none-eabi/10.3.1/../../../../arm-none-eabi/lib/thumb/v7e-m+fp/hard\libc_nano.a(lib_a-init.o)
                0x0000000008002ebc                __libc_init_array
 .text.memset   0x0000000008002f04       0x10 c:/st/stm32cubeide_1.10.1/stm32cubeide/plugins/com.st.stm32cube.ide.mcu.externaltools.gnu-tools-for-stm32.10.3-2021.10.win32_1.0.0.202111181127/tools/bin/../lib/gcc/arm-none-eabi/10.3.1/../../../../arm-none-eabi/lib/thumb/v7e-m+fp/hard\libc_nano.a(lib_a-memset.o)
                0x0000000008002f04                memset
 *(.glue_7)
 .glue_7        0x0000000008002f14        0x0 linker stubs
 *(.glue_7t)
 .glue_7t       0x0000000008002f14        0x0 linker stubs
 *(.eh_frame)
 .eh_frame      0x0000000008002f14        0x0 c:/st/stm32cubeide_1.10.1/stm32cubeide/plugins/com.st.stm32cube.ide.mcu.externaltools.gnu-tools-for-stm32.10.3-2021.10.win32_1.0.0.202111181127/tools/bin/../lib/gcc/arm-none-eabi/10.3.1/thumb/v7e-m+fp/hard/crtbegin.o
 *(.init)
 .init          0x0000000008002f14        0x4 c:/st/stm32cubeide_1.10.1/stm32cubeide/plugins/com.st.stm32cube.ide.mcu.externaltools.gnu-tools-for-stm32.10.3-2021.10.win32_1.0.0.202111181127/tools/bin/../lib/gcc/arm-none-eabi/10.3.1/thumb/v7e-m+fp/hard/crti.o
                0x0000000008002f14                _init
 .init          0x0000000008002f18        0x8 c:/st/stm32cubeide_1.10.1/stm32cubeide/plugins/com.st.stm32cube.ide.mcu.externaltools.gnu-tools-for-stm32.10.3-2021.10.win32_1.0.0.202111181127/tools/bin/../lib/gcc/arm-none-eabi/10.3.1/thumb/v7e-m+fp/hard/crtn.o
 *(.fini)
 .fini          0x0000000008002f20        0x4 c:/st/stm32cubeide_1.10.1/stm32cubeide/plugins/com.st.stm32cube.ide.mcu.externaltools.gnu-tools-for-stm32.10.3-2021.10.win32_1.0.0.202111181127/tools/bin/../lib/gcc/arm-none-eabi/10.3.1/thumb/v7e-m+fp/hard/crti.o
                0x0000000008002f20                _fini
 .fini          0x0000000008002f24        0x8 c:/st/stm32cubeide_1.10.1/stm32cubeide/plugins/com.st.stm32cube.ide.mcu.externaltools.gnu-tools-for-stm32.10.3-2021.10.win32_1.0.0.202111181127/tools/bin/../lib/gcc/arm-none-eabi/10.3.1/thumb/v7e-m+fp/hard/crtn.o
                0x0000000008002f2c                . = ALIGN (0x4)
                0x0000000008002f2c                _etext = .

.vfp11_veneer   0x0000000008002f2c        0x0
 .vfp11_veneer  0x0000000008002f2c        0x0 linker stubs

.v4_bx          0x0000000008002f2c        0x0
 .v4_bx         0x0000000008002f2c        0x0 linker stubs

.iplt           0x0000000008002f2c        0x0
 .iplt          0x0000000008002f2c        0x0 c:/st/stm32cubeide_1.10.1/stm32cubeide/plugins/com.st.stm32cube.ide.mcu.externaltools.gnu-tools-for-stm32.10.3-2021.10.win32_1.0.0.202111181127/tools/bin/../lib/gcc/arm-none-eabi/10.3.1/thumb/v7e-m+fp/hard/crtbegin.o

.rodata         0x0000000008002f2c       0x38
                0x0000000008002f2c                . = ALIGN (0x4)
 *(.rodata)
 *(.rodata*)
 .rodata.AHBPrescTable
                0x0000000008002f2c       0x10 ./Core/Src/system_stm32f3xx.o
                0x0000000008002f2c                AHBPrescTable
 .rodata.APBPrescTable
                0x0000000008002f3c        0x8 ./Core/Src/system_stm32f3xx.o
                0x0000000008002f3c                APBPrescTable
 .rodata.aPLLMULFactorTable
                0x0000000008002f44       0x10 ./Drivers/STM32F3xx_HAL_Driver/Src/stm32f3xx_hal_rcc.o
                0x0000000008002f44                aPLLMULFactorTable
 .rodata.aPredivFactorTable
                0x0000000008002f54       0x10 ./Drivers/STM32F3xx_HAL_Driver/Src/stm32f3xx_hal_rcc.o
                0x0000000008002f54                aPredivFactorTable
                0x0000000008002f64                . = ALIGN (0x4)

.rel.dyn        0x0000000008002f64        0x0
 .rel.iplt      0x0000000008002f64        0x0 c:/st/stm32cubeide_1.10.1/stm32cubeide/plugins/com.st.stm32cube.ide.mcu.externaltools.gnu-tools-for-stm32.10.3-2021.10.win32_1.0.0.202111181127/tools/bin/../lib/gcc/arm-none-eabi/10.3.1/thumb/v7e-m+fp/hard/crtbegin.o

.ARM.extab      0x0000000008002f64        0x0
                0x0000000008002f64                . = ALIGN (0x4)
 *(.ARM.extab* .gnu.linkonce.armextab.*)
                0x0000000008002f64                . = ALIGN (0x4)

.ARM            0x0000000008002f64        0x0
                0x0000000008002f64                . = ALIGN (0x4)
                0x0000000008002f64                __exidx_start = .
 *(.ARM.exidx*)
                0x0000000008002f64                __exidx_end = .
                0x0000000008002f64                . = ALIGN (0x4)

.preinit_array  0x0000000008002f64        0x0
                0x0000000008002f64                . = ALIGN (0x4)
                0x0000000008002f64                PROVIDE (__preinit_array_start = .)
 *(.preinit_array*)
                0x0000000008002f64                PROVIDE (__preinit_array_end = .)
                0x0000000008002f64                . = ALIGN (0x4)

.init_array     0x0000000008002f64        0x4
                0x0000000008002f64                . = ALIGN (0x4)
                0x0000000008002f64                PROVIDE (__init_array_start = .)
 *(SORT_BY_NAME(.init_array.*))
 *(.init_array*)
 .init_array    0x0000000008002f64        0x4 c:/st/stm32cubeide_1.10.1/stm32cubeide/plugins/com.st.stm32cube.ide.mcu.externaltools.gnu-tools-for-stm32.10.3-2021.10.win32_1.0.0.202111181127/tools/bin/../lib/gcc/arm-none-eabi/10.3.1/thumb/v7e-m+fp/hard/crtbegin.o
                0x0000000008002f68                PROVIDE (__init_array_end = .)
                0x0000000008002f68                . = ALIGN (0x4)

.fini_array     0x0000000008002f68        0x4
                0x0000000008002f68                . = ALIGN (0x4)
                [!provide]                        PROVIDE (__fini_array_start = .)
 *(SORT_BY_NAME(.fini_array.*))
 *(.fini_array*)
 .fini_array    0x0000000008002f68        0x4 c:/st/stm32cubeide_1.10.1/stm32cubeide/plugins/com.st.stm32cube.ide.mcu.externaltools.gnu-tools-for-stm32.10.3-2021.10.win32_1.0.0.202111181127/tools/bin/../lib/gcc/arm-none-eabi/10.3.1/thumb/v7e-m+fp/hard/crtbegin.o
                [!provide]                        PROVIDE (__fini_array_end = .)
                0x0000000008002f6c                . = ALIGN (0x4)
                0x0000000008002f6c                _sidata = LOADADDR (.data)

.data           0x0000000020000000        0xc load address 0x0000000008002f6c
                0x0000000020000000                . = ALIGN (0x4)
                0x0000000020000000                _sdata = .
 *(.data)
 *(.data*)
 .data.SystemCoreClock
                0x0000000020000000        0x4 ./Core/Src/system_stm32f3xx.o
                0x0000000020000000                SystemCoreClock
 .data.uwTickPrio
                0x0000000020000004        0x4 ./Drivers/STM32F3xx_HAL_Driver/Src/stm32f3xx_hal.o
                0x0000000020000004                uwTickPrio
 .data.uwTickFreq
                0x0000000020000008        0x1 ./Drivers/STM32F3xx_HAL_Driver/Src/stm32f3xx_hal.o
                0x0000000020000008                uwTickFreq
 *(.RamFunc)
 *(.RamFunc*)
                0x000000002000000c                . = ALIGN (0x4)
 *fill*         0x0000000020000009        0x3 
                0x000000002000000c                _edata = .
                0x0000000008002f78                _siccmram = LOADADDR (.ccmram)

.igot.plt       0x000000002000000c        0x0 load address 0x0000000008002f78
 .igot.plt      0x000000002000000c        0x0 c:/st/stm32cubeide_1.10.1/stm32cubeide/plugins/com.st.stm32cube.ide.mcu.externaltools.gnu-tools-for-stm32.10.3-2021.10.win32_1.0.0.202111181127/tools/bin/../lib/gcc/arm-none-eabi/10.3.1/thumb/v7e-m+fp/hard/crtbegin.o

.ccmram         0x0000000010000000        0x0 load address 0x0000000008002f78
                0x0000000010000000                . = ALIGN (0x4)
                0x0000000010000000                _sccmram = .
 *(.ccmram)
 *(.ccmram*)
                0x0000000010000000                . = ALIGN (0x4)
                0x0000000010000000                _eccmram = .
                0x0000000010000000                . = ALIGN (0x4)

.bss            0x000000002000000c       0xa4
                0x000000002000000c                _sbss = .
                0x000000002000000c                __bss_start__ = _sbss
 *(.bss)
 .bss           0x000000002000000c       0x1c c:/st/stm32cubeide_1.10.1/stm32cubeide/plugins/com.st.stm32cube.ide.mcu.externaltools.gnu-tools-for-stm32.10.3-2021.10.win32_1.0.0.202111181127/tools/bin/../lib/gcc/arm-none-eabi/10.3.1/thumb/v7e-m+fp/hard/crtbegin.o
 *(.bss*)
 .bss.huart2    0x0000000020000028       0x84 ./Core/Src/main.o
                0x0000000020000028                huart2
 .bss.uwTick    0x00000000200000ac        0x4 ./Drivers/STM32F3xx_HAL_Driver/Src/stm32f3xx_hal.o
                0x00000000200000ac                uwTick
 *(COMMON)
                0x00000000200000b0                . = ALIGN (0x4)
                0x00000000200000b0                _ebss = .
                0x00000000200000b0                __bss_end__ = _ebss

._user_heap_stack
                0x00000000200000b0      0x600
                0x00000000200000b0                . = ALIGN (0x8)
                [!provide]                        PROVIDE (end = .)
                0x00000000200000b0                PROVIDE (_end = .)
                0x00000000200002b0                . = (. + _Min_Heap_Size)
 *fill*         0x00000000200000b0      0x200 
                0x00000000200006b0                . = (. + _Min_Stack_Size)
 *fill*         0x00000000200002b0      0x400 
                0x00000000200006b0                . = ALIGN (0x8)

/DISCARD/
 libc.a(*)
 libm.a(*)
 libgcc.a(*)

.ARM.attributes
                0x0000000000000000       0x30
 *(.ARM.attributes)
 .ARM.attributes
                0x0000000000000000       0x1e c:/st/stm32cubeide_1.10.1/stm32cubeide/plugins/com.st.stm32cube.ide.mcu.externaltools.gnu-tools-for-stm32.10.3-2021.10.win32_1.0.0.202111181127/tools/bin/../lib/gcc/arm-none-eabi/10.3.1/thumb/v7e-m+fp/hard/crti.o
 .ARM.attributes
                0x000000000000001e       0x34 c:/st/stm32cubeide_1.10.1/stm32cubeide/plugins/com.st.stm32cube.ide.mcu.externaltools.gnu-tools-for-stm32.10.3-2021.10.win32_1.0.0.202111181127/tools/bin/../lib/gcc/arm-none-eabi/10.3.1/thumb/v7e-m+fp/hard/crtbegin.o
 .ARM.attributes
                0x0000000000000052       0x34 ./Core/Src/library.o
 .ARM.attributes
                0x0000000000000086       0x34 ./Core/Src/main.o
 .ARM.attributes
                0x00000000000000ba       0x34 ./Core/Src/stm32f3xx_hal_msp.o
 .ARM.attributes
                0x00000000000000ee       0x34 ./Core/Src/stm32f3xx_it.o
 .ARM.attributes
                0x0000000000000122       0x34 ./Core/Src/system_stm32f3xx.o
 .ARM.attributes
                0x0000000000000156       0x21 ./Core/Startup/startup_stm32f303retx.o
 .ARM.attributes
                0x0000000000000177       0x34 ./Drivers/STM32F3xx_HAL_Driver/Src/stm32f3xx_hal.o
 .ARM.attributes
                0x00000000000001ab       0x34 ./Drivers/STM32F3xx_HAL_Driver/Src/stm32f3xx_hal_cortex.o
 .ARM.attributes
                0x00000000000001df       0x34 ./Drivers/STM32F3xx_HAL_Driver/Src/stm32f3xx_hal_gpio.o
 .ARM.attributes
                0x0000000000000213       0x34 ./Drivers/STM32F3xx_HAL_Driver/Src/stm32f3xx_hal_rcc.o
 .ARM.attributes
                0x0000000000000247       0x34 ./Drivers/STM32F3xx_HAL_Driver/Src/stm32f3xx_hal_rcc_ex.o
 .ARM.attributes
                0x000000000000027b       0x34 ./Drivers/STM32F3xx_HAL_Driver/Src/stm32f3xx_hal_uart.o
 .ARM.attributes
                0x00000000000002af       0x34 c:/st/stm32cubeide_1.10.1/stm32cubeide/plugins/com.st.stm32cube.ide.mcu.externaltools.gnu-tools-for-stm32.10.3-2021.10.win32_1.0.0.202111181127/tools/bin/../lib/gcc/arm-none-eabi/10.3.1/../../../../arm-none-eabi/lib/thumb/v7e-m+fp/hard\libc_nano.a(lib_a-init.o)
 .ARM.attributes
                0x00000000000002e3       0x34 c:/st/stm32cubeide_1.10.1/stm32cubeide/plugins/com.st.stm32cube.ide.mcu.externaltools.gnu-tools-for-stm32.10.3-2021.10.win32_1.0.0.202111181127/tools/bin/../lib/gcc/arm-none-eabi/10.3.1/../../../../arm-none-eabi/lib/thumb/v7e-m+fp/hard\libc_nano.a(lib_a-memset.o)
 .ARM.attributes
                0x0000000000000317       0x1e c:/st/stm32cubeide_1.10.1/stm32cubeide/plugins/com.st.stm32cube.ide.mcu.externaltools.gnu-tools-for-stm32.10.3-2021.10.win32_1.0.0.202111181127/tools/bin/../lib/gcc/arm-none-eabi/10.3.1/thumb/v7e-m+fp/hard/crtn.o
OUTPUT(Lab_04_PWM_Output_Part_C_Andre.elf elf32-littlearm)
LOAD linker stubs
LOAD c:/st/stm32cubeide_1.10.1/stm32cubeide/plugins/com.st.stm32cube.ide.mcu.externaltools.gnu-tools-for-stm32.10.3-2021.10.win32_1.0.0.202111181127/tools/bin/../lib/gcc/arm-none-eabi/10.3.1/../../../../arm-none-eabi/lib/thumb/v7e-m+fp/hard\libc.a
LOAD c:/st/stm32cubeide_1.10.1/stm32cubeide/plugins/com.st.stm32cube.ide.mcu.externaltools.gnu-tools-for-stm32.10.3-2021.10.win32_1.0.0.202111181127/tools/bin/../lib/gcc/arm-none-eabi/10.3.1/../../../../arm-none-eabi/lib/thumb/v7e-m+fp/hard\libm.a
LOAD c:/st/stm32cubeide_1.10.1/stm32cubeide/plugins/com.st.stm32cube.ide.mcu.externaltools.gnu-tools-for-stm32.10.3-2021.10.win32_1.0.0.202111181127/tools/bin/../lib/gcc/arm-none-eabi/10.3.1/thumb/v7e-m+fp/hard\libgcc.a

.debug_info     0x0000000000000000     0x9fa5
 .debug_info    0x0000000000000000      0xe1d ./Core/Src/library.o
 .debug_info    0x0000000000000e1d      0xecb ./Core/Src/main.o
 .debug_info    0x0000000000001ce8      0x940 ./Core/Src/stm32f3xx_hal_msp.o
 .debug_info    0x0000000000002628      0x122 ./Core/Src/stm32f3xx_it.o
 .debug_info    0x000000000000274a      0x416 ./Core/Src/system_stm32f3xx.o
 .debug_info    0x0000000000002b60       0x22 ./Core/Startup/startup_stm32f303retx.o
 .debug_info    0x0000000000002b82      0x837 ./Drivers/STM32F3xx_HAL_Driver/Src/stm32f3xx_hal.o
 .debug_info    0x00000000000033b9      0xdb5 ./Drivers/STM32F3xx_HAL_Driver/Src/stm32f3xx_hal_cortex.o
 .debug_info    0x000000000000416e      0x74e ./Drivers/STM32F3xx_HAL_Driver/Src/stm32f3xx_hal_gpio.o
 .debug_info    0x00000000000048bc     0x1597 ./Drivers/STM32F3xx_HAL_Driver/Src/stm32f3xx_hal_rcc.o
 .debug_info    0x0000000000005e53      0x67f ./Drivers/STM32F3xx_HAL_Driver/Src/stm32f3xx_hal_rcc_ex.o
 .debug_info    0x00000000000064d2     0x3ad3 ./Drivers/STM32F3xx_HAL_Driver/Src/stm32f3xx_hal_uart.o

.debug_abbrev   0x0000000000000000     0x16bf
 .debug_abbrev  0x0000000000000000      0x231 ./Core/Src/library.o
 .debug_abbrev  0x0000000000000231      0x27e ./Core/Src/main.o
 .debug_abbrev  0x00000000000004af      0x194 ./Core/Src/stm32f3xx_hal_msp.o
 .debug_abbrev  0x0000000000000643       0x74 ./Core/Src/stm32f3xx_it.o
 .debug_abbrev  0x00000000000006b7      0x116 ./Core/Src/system_stm32f3xx.o
 .debug_abbrev  0x00000000000007cd       0x12 ./Core/Startup/startup_stm32f303retx.o
 .debug_abbrev  0x00000000000007df      0x20e ./Drivers/STM32F3xx_HAL_Driver/Src/stm32f3xx_hal.o
 .debug_abbrev  0x00000000000009ed      0x316 ./Drivers/STM32F3xx_HAL_Driver/Src/stm32f3xx_hal_cortex.o
 .debug_abbrev  0x0000000000000d03      0x1bb ./Drivers/STM32F3xx_HAL_Driver/Src/stm32f3xx_hal_gpio.o
 .debug_abbrev  0x0000000000000ebe      0x30c ./Drivers/STM32F3xx_HAL_Driver/Src/stm32f3xx_hal_rcc.o
 .debug_abbrev  0x00000000000011ca      0x239 ./Drivers/STM32F3xx_HAL_Driver/Src/stm32f3xx_hal_rcc_ex.o
 .debug_abbrev  0x0000000000001403      0x2bc ./Drivers/STM32F3xx_HAL_Driver/Src/stm32f3xx_hal_uart.o

.debug_aranges  0x0000000000000000      0x6e0
 .debug_aranges
                0x0000000000000000       0x80 ./Core/Src/library.o
 .debug_aranges
                0x0000000000000080       0x48 ./Core/Src/main.o
 .debug_aranges
                0x00000000000000c8       0x30 ./Core/Src/stm32f3xx_hal_msp.o
 .debug_aranges
                0x00000000000000f8       0x60 ./Core/Src/stm32f3xx_it.o
 .debug_aranges
                0x0000000000000158       0x28 ./Core/Src/system_stm32f3xx.o
 .debug_aranges
                0x0000000000000180       0x28 ./Core/Startup/startup_stm32f303retx.o
 .debug_aranges
                0x00000000000001a8       0xe0 ./Drivers/STM32F3xx_HAL_Driver/Src/stm32f3xx_hal.o
 .debug_aranges
                0x0000000000000288      0x118 ./Drivers/STM32F3xx_HAL_Driver/Src/stm32f3xx_hal_cortex.o
 .debug_aranges
                0x00000000000003a0       0x58 ./Drivers/STM32F3xx_HAL_Driver/Src/stm32f3xx_hal_gpio.o
 .debug_aranges
                0x00000000000003f8       0x88 ./Drivers/STM32F3xx_HAL_Driver/Src/stm32f3xx_hal_rcc.o
 .debug_aranges
                0x0000000000000480       0x38 ./Drivers/STM32F3xx_HAL_Driver/Src/stm32f3xx_hal_rcc_ex.o
 .debug_aranges
                0x00000000000004b8      0x228 ./Drivers/STM32F3xx_HAL_Driver/Src/stm32f3xx_hal_uart.o

.debug_ranges   0x0000000000000000      0x658
 .debug_ranges  0x0000000000000000       0x70 ./Core/Src/library.o
 .debug_ranges  0x0000000000000070       0x38 ./Core/Src/main.o
 .debug_ranges  0x00000000000000a8       0x20 ./Core/Src/stm32f3xx_hal_msp.o
 .debug_ranges  0x00000000000000c8       0x50 ./Core/Src/stm32f3xx_it.o
 .debug_ranges  0x0000000000000118       0x18 ./Core/Src/system_stm32f3xx.o
 .debug_ranges  0x0000000000000130       0x20 ./Core/Startup/startup_stm32f303retx.o
 .debug_ranges  0x0000000000000150       0xd0 ./Drivers/STM32F3xx_HAL_Driver/Src/stm32f3xx_hal.o
 .debug_ranges  0x0000000000000220      0x108 ./Drivers/STM32F3xx_HAL_Driver/Src/stm32f3xx_hal_cortex.o
 .debug_ranges  0x0000000000000328       0x48 ./Drivers/STM32F3xx_HAL_Driver/Src/stm32f3xx_hal_gpio.o
 .debug_ranges  0x0000000000000370       0x78 ./Drivers/STM32F3xx_HAL_Driver/Src/stm32f3xx_hal_rcc.o
 .debug_ranges  0x00000000000003e8       0x28 ./Drivers/STM32F3xx_HAL_Driver/Src/stm32f3xx_hal_rcc_ex.o
 .debug_ranges  0x0000000000000410      0x248 ./Drivers/STM32F3xx_HAL_Driver/Src/stm32f3xx_hal_uart.o

.debug_macro    0x0000000000000000    0x1ef91
 .debug_macro   0x0000000000000000      0x1d2 ./Core/Src/library.o
 .debug_macro   0x00000000000001d2      0xa78 ./Core/Src/library.o
 .debug_macro   0x0000000000000c4a      0x151 ./Core/Src/library.o
 .debug_macro   0x0000000000000d9b       0x2e ./Core/Src/library.o
 .debug_macro   0x0000000000000dc9       0x28 ./Core/Src/library.o
 .debug_macro   0x0000000000000df1       0x22 ./Core/Src/library.o
 .debug_macro   0x0000000000000e13       0x8e ./Core/Src/library.o
 .debug_macro   0x0000000000000ea1       0x51 ./Core/Src/library.o
 .debug_macro   0x0000000000000ef2      0x103 ./Core/Src/library.o
 .debug_macro   0x0000000000000ff5       0x6a ./Core/Src/library.o
 .debug_macro   0x000000000000105f      0x1df ./Core/Src/library.o
 .debug_macro   0x000000000000123e       0x1c ./Core/Src/library.o
 .debug_macro   0x000000000000125a       0x22 ./Core/Src/library.o
 .debug_macro   0x000000000000127c       0xd9 ./Core/Src/library.o
 .debug_macro   0x0000000000001355     0x102d ./Core/Src/library.o
 .debug_macro   0x0000000000002382      0x11f ./Core/Src/library.o
 .debug_macro   0x00000000000024a1    0x1535a ./Core/Src/library.o
 .debug_macro   0x00000000000177fb       0x6d ./Core/Src/library.o
 .debug_macro   0x0000000000017868     0x3540 ./Core/Src/library.o
 .debug_macro   0x000000000001ada8      0x174 ./Core/Src/library.o
 .debug_macro   0x000000000001af1c       0x55 ./Core/Src/library.o
 .debug_macro   0x000000000001af71      0x954 ./Core/Src/library.o
 .debug_macro   0x000000000001b8c5      0x84a ./Core/Src/library.o
 .debug_macro   0x000000000001c10f      0x1b6 ./Core/Src/library.o
 .debug_macro   0x000000000001c2c5      0x23a ./Core/Src/library.o
 .debug_macro   0x000000000001c4ff      0x1ea ./Core/Src/library.o
 .debug_macro   0x000000000001c6e9      0x1bc ./Core/Src/library.o
 .debug_macro   0x000000000001c8a5       0x30 ./Core/Src/library.o
 .debug_macro   0x000000000001c8d5       0x3c ./Core/Src/library.o
 .debug_macro   0x000000000001c911      0x236 ./Core/Src/library.o
 .debug_macro   0x000000000001cb47       0xc5 ./Core/Src/library.o
 .debug_macro   0x000000000001cc0c      0x21d ./Core/Src/library.o
 .debug_macro   0x000000000001ce29      0x22c ./Core/Src/library.o
 .debug_macro   0x000000000001d055       0x5b ./Core/Src/library.o
 .debug_macro   0x000000000001d0b0       0xa5 ./Core/Src/library.o
 .debug_macro   0x000000000001d155       0x81 ./Core/Src/library.o
 .debug_macro   0x000000000001d1d6       0xd3 ./Core/Src/library.o
 .debug_macro   0x000000000001d2a9      0x5a5 ./Core/Src/library.o
 .debug_macro   0x000000000001d84e       0x44 ./Core/Src/library.o
 .debug_macro   0x000000000001d892      0x347 ./Core/Src/library.o
 .debug_macro   0x000000000001dbd9       0x88 ./Core/Src/library.o
 .debug_macro   0x000000000001dc61      0x1db ./Core/Src/main.o
 .debug_macro   0x000000000001de3c       0x58 ./Core/Src/main.o
 .debug_macro   0x000000000001de94       0x8e ./Core/Src/main.o
 .debug_macro   0x000000000001df22      0x1d2 ./Core/Src/stm32f3xx_hal_msp.o
 .debug_macro   0x000000000001e0f4      0x1dc ./Core/Src/stm32f3xx_it.o
 .debug_macro   0x000000000001e2d0      0x1c3 ./Core/Src/system_stm32f3xx.o
 .debug_macro   0x000000000001e493      0x1e7 ./Drivers/STM32F3xx_HAL_Driver/Src/stm32f3xx_hal.o
 .debug_macro   0x000000000001e67a      0x1c3 ./Drivers/STM32F3xx_HAL_Driver/Src/stm32f3xx_hal_cortex.o
 .debug_macro   0x000000000001e83d      0x1ca ./Drivers/STM32F3xx_HAL_Driver/Src/stm32f3xx_hal_gpio.o
 .debug_macro   0x000000000001ea07      0x1e7 ./Drivers/STM32F3xx_HAL_Driver/Src/stm32f3xx_hal_rcc.o
 .debug_macro   0x000000000001ebee      0x1c3 ./Drivers/STM32F3xx_HAL_Driver/Src/stm32f3xx_hal_rcc_ex.o
 .debug_macro   0x000000000001edb1      0x1e0 ./Drivers/STM32F3xx_HAL_Driver/Src/stm32f3xx_hal_uart.o

.debug_line     0x0000000000000000     0x9c2b
 .debug_line    0x0000000000000000      0xad8 ./Core/Src/library.o
 .debug_line    0x0000000000000ad8      0x7e8 ./Core/Src/main.o
 .debug_line    0x00000000000012c0      0x703 ./Core/Src/stm32f3xx_hal_msp.o
 .debug_line    0x00000000000019c3      0x778 ./Core/Src/stm32f3xx_it.o
 .debug_line    0x000000000000213b      0x731 ./Core/Src/system_stm32f3xx.o
 .debug_line    0x000000000000286c       0x88 ./Core/Startup/startup_stm32f303retx.o
 .debug_line    0x00000000000028f4      0x961 ./Drivers/STM32F3xx_HAL_Driver/Src/stm32f3xx_hal.o
 .debug_line    0x0000000000003255      0xc26 ./Drivers/STM32F3xx_HAL_Driver/Src/stm32f3xx_hal_cortex.o
 .debug_line    0x0000000000003e7b      0xaea ./Drivers/STM32F3xx_HAL_Driver/Src/stm32f3xx_hal_gpio.o
 .debug_line    0x0000000000004965     0x1356 ./Drivers/STM32F3xx_HAL_Driver/Src/stm32f3xx_hal_rcc.o
 .debug_line    0x0000000000005cbb      0xe7d ./Drivers/STM32F3xx_HAL_Driver/Src/stm32f3xx_hal_rcc_ex.o
 .debug_line    0x0000000000006b38     0x30f3 ./Drivers/STM32F3xx_HAL_Driver/Src/stm32f3xx_hal_uart.o

.debug_str      0x0000000000000000    0xbc225
 .debug_str     0x0000000000000000    0xba329 ./Core/Src/library.o
                                      0xbaba0 (size before relaxing)
 .debug_str     0x00000000000ba329      0x93c ./Core/Src/main.o
                                      0xbadc6 (size before relaxing)
 .debug_str     0x00000000000bac65       0x83 ./Core/Src/stm32f3xx_hal_msp.o
                                      0xba842 (size before relaxing)
 .debug_str     0x00000000000bace8       0xc9 ./Core/Src/stm32f3xx_it.o
                                      0xba392 (size before relaxing)
 .debug_str     0x00000000000badb1       0x8b ./Core/Src/system_stm32f3xx.o
                                      0xba2fb (size before relaxing)
 .debug_str     0x00000000000bae3c       0x36 ./Core/Startup/startup_stm32f303retx.o
                                         0x8c (size before relaxing)
 .debug_str     0x00000000000bae72      0x377 ./Drivers/STM32F3xx_HAL_Driver/Src/stm32f3xx_hal.o
                                      0xbaba4 (size before relaxing)
 .debug_str     0x00000000000bb1e9      0x304 ./Drivers/STM32F3xx_HAL_Driver/Src/stm32f3xx_hal_cortex.o
                                      0xbabf6 (size before relaxing)
 .debug_str     0x00000000000bb4ed       0xdc ./Drivers/STM32F3xx_HAL_Driver/Src/stm32f3xx_hal_gpio.o
                                      0xba4e0 (size before relaxing)
 .debug_str     0x00000000000bb5c9      0x2dd ./Drivers/STM32F3xx_HAL_Driver/Src/stm32f3xx_hal_rcc.o
                                      0xba79f (size before relaxing)
 .debug_str     0x00000000000bb8a6       0xbe ./Drivers/STM32F3xx_HAL_Driver/Src/stm32f3xx_hal_rcc_ex.o
                                      0xba5e9 (size before relaxing)
 .debug_str     0x00000000000bb964      0x8c1 ./Drivers/STM32F3xx_HAL_Driver/Src/stm32f3xx_hal_uart.o
                                      0xbaff6 (size before relaxing)

.comment        0x0000000000000000       0x50
 .comment       0x0000000000000000       0x50 ./Core/Src/library.o
                                         0x51 (size before relaxing)
 .comment       0x0000000000000050       0x51 ./Core/Src/main.o
 .comment       0x0000000000000050       0x51 ./Core/Src/stm32f3xx_hal_msp.o
 .comment       0x0000000000000050       0x51 ./Core/Src/stm32f3xx_it.o
 .comment       0x0000000000000050       0x51 ./Core/Src/system_stm32f3xx.o
 .comment       0x0000000000000050       0x51 ./Drivers/STM32F3xx_HAL_Driver/Src/stm32f3xx_hal.o
 .comment       0x0000000000000050       0x51 ./Drivers/STM32F3xx_HAL_Driver/Src/stm32f3xx_hal_cortex.o
 .comment       0x0000000000000050       0x51 ./Drivers/STM32F3xx_HAL_Driver/Src/stm32f3xx_hal_gpio.o
 .comment       0x0000000000000050       0x51 ./Drivers/STM32F3xx_HAL_Driver/Src/stm32f3xx_hal_rcc.o
 .comment       0x0000000000000050       0x51 ./Drivers/STM32F3xx_HAL_Driver/Src/stm32f3xx_hal_rcc_ex.o
 .comment       0x0000000000000050       0x51 ./Drivers/STM32F3xx_HAL_Driver/Src/stm32f3xx_hal_uart.o

.debug_frame    0x0000000000000000     0x1abc
 .debug_frame   0x0000000000000000      0x1fc ./Core/Src/library.o
 .debug_frame   0x00000000000001fc       0xd4 ./Core/Src/main.o
 .debug_frame   0x00000000000002d0       0x7c ./Core/Src/stm32f3xx_hal_msp.o
 .debug_frame   0x000000000000034c      0x104 ./Core/Src/stm32f3xx_it.o
 .debug_frame   0x0000000000000450       0x58 ./Core/Src/system_stm32f3xx.o
 .debug_frame   0x00000000000004a8      0x334 ./Drivers/STM32F3xx_HAL_Driver/Src/stm32f3xx_hal.o
 .debug_frame   0x00000000000007dc      0x498 ./Drivers/STM32F3xx_HAL_Driver/Src/stm32f3xx_hal_cortex.o
 .debug_frame   0x0000000000000c74      0x14c ./Drivers/STM32F3xx_HAL_Driver/Src/stm32f3xx_hal_gpio.o
 .debug_frame   0x0000000000000dc0      0x214 ./Drivers/STM32F3xx_HAL_Driver/Src/stm32f3xx_hal_rcc.o
 .debug_frame   0x0000000000000fd4       0xb4 ./Drivers/STM32F3xx_HAL_Driver/Src/stm32f3xx_hal_rcc_ex.o
 .debug_frame   0x0000000000001088      0x9e8 ./Drivers/STM32F3xx_HAL_Driver/Src/stm32f3xx_hal_uart.o
 .debug_frame   0x0000000000001a70       0x2c c:/st/stm32cubeide_1.10.1/stm32cubeide/plugins/com.st.stm32cube.ide.mcu.externaltools.gnu-tools-for-stm32.10.3-2021.10.win32_1.0.0.202111181127/tools/bin/../lib/gcc/arm-none-eabi/10.3.1/../../../../arm-none-eabi/lib/thumb/v7e-m+fp/hard\libc_nano.a(lib_a-init.o)
 .debug_frame   0x0000000000001a9c       0x20 c:/st/stm32cubeide_1.10.1/stm32cubeide/plugins/com.st.stm32cube.ide.mcu.externaltools.gnu-tools-for-stm32.10.3-2021.10.win32_1.0.0.202111181127/tools/bin/../lib/gcc/arm-none-eabi/10.3.1/../../../../arm-none-eabi/lib/thumb/v7e-m+fp/hard\libc_nano.a(lib_a-memset.o)
