../Drivers/CMSIS/Include/core_cm4.h:1688:22:__NVIC_EnableIRQ	16	static
../Drivers/CMSIS/Include/core_cm4.h:1816:22:__NVIC_SetPriority	16	static
../Core/Src/library.c:60:6:SysTick_Init	16	static
../Core/Src/library.c:79:10:millis	4	static
../Core/Src/library.c:86:6:SetMode	16	static
../Core/Src/library.c:91:6:SetType	16	static
../Core/Src/library.c:96:6:SetSpeed	16	static
../Core/Src/library.c:101:6:SetPullType	16	static
../Core/Src/library.c:106:6:SetPin	16	static
../Core/Src/library.c:115:6:config_gpio_interrupt	24	static
../Core/Src/library.c:432:6:enable_gpio_interrupt	16	static
../Core/Src/library.c:442:6:reset_interrupt	16	static
../Core/Src/library.c:450:6:CMR_TIM4_config	8	static
../Core/Src/library.c:520:6:CMR_TIM3_config	4	static
../Core/Src/library.c:562:6:ultrasonic_sensor_led	8	static
