Archive member included to satisfy reference by file (symbol)

d:/stm32cubeide/stm32cubeide_1.10.1/stm32cubeide/plugins/com.st.stm32cube.ide.mcu.externaltools.gnu-tools-for-stm32.10.3-2021.10.win32_1.0.0.202111181127/tools/bin/../lib/gcc/arm-none-eabi/10.3.1/../../../../arm-none-eabi/lib/thumb/v7e-m+fp/hard\libc_nano.a(lib_a-errno.o)
                              ./Core/Src/syscalls.o (__errno)
d:/stm32cubeide/stm32cubeide_1.10.1/stm32cubeide/plugins/com.st.stm32cube.ide.mcu.externaltools.gnu-tools-for-stm32.10.3-2021.10.win32_1.0.0.202111181127/tools/bin/../lib/gcc/arm-none-eabi/10.3.1/../../../../arm-none-eabi/lib/thumb/v7e-m+fp/hard\libc_nano.a(lib_a-exit.o)
                              d:/stm32cubeide/stm32cubeide_1.10.1/stm32cubeide/plugins/com.st.stm32cube.ide.mcu.externaltools.gnu-tools-for-stm32.10.3-2021.10.win32_1.0.0.202111181127/tools/bin/../lib/gcc/arm-none-eabi/10.3.1/../../../../arm-none-eabi/lib/thumb/v7e-m+fp/hard/crt0.o (exit)
d:/stm32cubeide/stm32cubeide_1.10.1/stm32cubeide/plugins/com.st.stm32cube.ide.mcu.externaltools.gnu-tools-for-stm32.10.3-2021.10.win32_1.0.0.202111181127/tools/bin/../lib/gcc/arm-none-eabi/10.3.1/../../../../arm-none-eabi/lib/thumb/v7e-m+fp/hard\libc_nano.a(lib_a-impure.o)
                              d:/stm32cubeide/stm32cubeide_1.10.1/stm32cubeide/plugins/com.st.stm32cube.ide.mcu.externaltools.gnu-tools-for-stm32.10.3-2021.10.win32_1.0.0.202111181127/tools/bin/../lib/gcc/arm-none-eabi/10.3.1/../../../../arm-none-eabi/lib/thumb/v7e-m+fp/hard\libc_nano.a(lib_a-exit.o) (_global_impure_ptr)
d:/stm32cubeide/stm32cubeide_1.10.1/stm32cubeide/plugins/com.st.stm32cube.ide.mcu.externaltools.gnu-tools-for-stm32.10.3-2021.10.win32_1.0.0.202111181127/tools/bin/../lib/gcc/arm-none-eabi/10.3.1/../../../../arm-none-eabi/lib/thumb/v7e-m+fp/hard\libc_nano.a(lib_a-init.o)
                              d:/stm32cubeide/stm32cubeide_1.10.1/stm32cubeide/plugins/com.st.stm32cube.ide.mcu.externaltools.gnu-tools-for-stm32.10.3-2021.10.win32_1.0.0.202111181127/tools/bin/../lib/gcc/arm-none-eabi/10.3.1/../../../../arm-none-eabi/lib/thumb/v7e-m+fp/hard/crt0.o (__libc_init_array)
d:/stm32cubeide/stm32cubeide_1.10.1/stm32cubeide/plugins/com.st.stm32cube.ide.mcu.externaltools.gnu-tools-for-stm32.10.3-2021.10.win32_1.0.0.202111181127/tools/bin/../lib/gcc/arm-none-eabi/10.3.1/../../../../arm-none-eabi/lib/thumb/v7e-m+fp/hard\libc_nano.a(lib_a-memset.o)
                              d:/stm32cubeide/stm32cubeide_1.10.1/stm32cubeide/plugins/com.st.stm32cube.ide.mcu.externaltools.gnu-tools-for-stm32.10.3-2021.10.win32_1.0.0.202111181127/tools/bin/../lib/gcc/arm-none-eabi/10.3.1/../../../../arm-none-eabi/lib/thumb/v7e-m+fp/hard/crt0.o (memset)

Discarded input sections

 .text          0x0000000000000000        0x0 d:/stm32cubeide/stm32cubeide_1.10.1/stm32cubeide/plugins/com.st.stm32cube.ide.mcu.externaltools.gnu-tools-for-stm32.10.3-2021.10.win32_1.0.0.202111181127/tools/bin/../lib/gcc/arm-none-eabi/10.3.1/thumb/v7e-m+fp/hard/crti.o
 .data          0x0000000000000000        0x0 d:/stm32cubeide/stm32cubeide_1.10.1/stm32cubeide/plugins/com.st.stm32cube.ide.mcu.externaltools.gnu-tools-for-stm32.10.3-2021.10.win32_1.0.0.202111181127/tools/bin/../lib/gcc/arm-none-eabi/10.3.1/thumb/v7e-m+fp/hard/crti.o
 .bss           0x0000000000000000        0x0 d:/stm32cubeide/stm32cubeide_1.10.1/stm32cubeide/plugins/com.st.stm32cube.ide.mcu.externaltools.gnu-tools-for-stm32.10.3-2021.10.win32_1.0.0.202111181127/tools/bin/../lib/gcc/arm-none-eabi/10.3.1/thumb/v7e-m+fp/hard/crti.o
 .data          0x0000000000000000        0x4 d:/stm32cubeide/stm32cubeide_1.10.1/stm32cubeide/plugins/com.st.stm32cube.ide.mcu.externaltools.gnu-tools-for-stm32.10.3-2021.10.win32_1.0.0.202111181127/tools/bin/../lib/gcc/arm-none-eabi/10.3.1/thumb/v7e-m+fp/hard/crtbegin.o
 .rodata        0x0000000000000000       0x24 d:/stm32cubeide/stm32cubeide_1.10.1/stm32cubeide/plugins/com.st.stm32cube.ide.mcu.externaltools.gnu-tools-for-stm32.10.3-2021.10.win32_1.0.0.202111181127/tools/bin/../lib/gcc/arm-none-eabi/10.3.1/thumb/v7e-m+fp/hard/crtbegin.o
 .text          0x0000000000000000       0x7c d:/stm32cubeide/stm32cubeide_1.10.1/stm32cubeide/plugins/com.st.stm32cube.ide.mcu.externaltools.gnu-tools-for-stm32.10.3-2021.10.win32_1.0.0.202111181127/tools/bin/../lib/gcc/arm-none-eabi/10.3.1/../../../../arm-none-eabi/lib/thumb/v7e-m+fp/hard/crt0.o
 .data          0x0000000000000000        0x0 d:/stm32cubeide/stm32cubeide_1.10.1/stm32cubeide/plugins/com.st.stm32cube.ide.mcu.externaltools.gnu-tools-for-stm32.10.3-2021.10.win32_1.0.0.202111181127/tools/bin/../lib/gcc/arm-none-eabi/10.3.1/../../../../arm-none-eabi/lib/thumb/v7e-m+fp/hard/crt0.o
 .bss           0x0000000000000000        0x0 d:/stm32cubeide/stm32cubeide_1.10.1/stm32cubeide/plugins/com.st.stm32cube.ide.mcu.externaltools.gnu-tools-for-stm32.10.3-2021.10.win32_1.0.0.202111181127/tools/bin/../lib/gcc/arm-none-eabi/10.3.1/../../../../arm-none-eabi/lib/thumb/v7e-m+fp/hard/crt0.o
[...]
Memory Configuration

Name             Origin             Length             Attributes
CCMRAM           0x0000000010000000 0x0000000000004000 xrw
RAM              0x0000000020000000 0x0000000000010000 xrw
FLASH            0x0000000008000000 0x0000000000080000 xr
*default*        0x0000000000000000 0xffffffffffffffff

Linker script and memory map

LOAD d:/stm32cubeide/stm32cubeide_1.10.1/stm32cubeide/plugins/com.st.stm32cube.ide.mcu.externaltools.gnu-tools-for-stm32.10.3-2021.10.win32_1.0.0.202111181127/tools/bin/../lib/gcc/arm-none-eabi/10.3.1/thumb/v7e-m+fp/hard/crti.o
LOAD d:/stm32cubeide/stm32cubeide_1.10.1/stm32cubeide/plugins/com.st.stm32cube.ide.mcu.externaltools.gnu-tools-for-stm32.10.3-2021.10.win32_1.0.0.202111181127/tools/bin/../lib/gcc/arm-none-eabi/10.3.1/thumb/v7e-m+fp/hard/crtbegin.o
LOAD d:/stm32cubeide/stm32cubeide_1.10.1/stm32cubeide/plugins/com.st.stm32cube.ide.mcu.externaltools.gnu-tools-for-stm32.10.3-2021.10.win32_1.0.0.202111181127/tools/bin/../lib/gcc/arm-none-eabi/10.3.1/../../../../arm-none-eabi/lib/thumb/v7e-m+fp/hard/crt0.o
LOAD ./Core/Src/library.o
LOAD ./Core/Src/main.o
LOAD ./Core/Src/stm32f3xx_hal_msp.o
LOAD ./Core/Src/stm32f3xx_it.o
LOAD ./Core/Src/syscalls.o
LOAD ./Core/Src/sysmem.o
LOAD ./Core/Src/system_stm32f3xx.o
LOAD ./Core/Startup/startup_stm32f303retx.o
LOAD ./Drivers/STM32F3xx_HAL_Driver/Src/stm32f3xx_hal.o
LOAD ./Drivers/STM32F3xx_HAL_Driver/Src/stm32f3xx_hal_cortex.o
LOAD ./Drivers/STM32F3xx_HAL_Driver/Src/stm32f3xx_hal_dma.o
LOAD ./Drivers/STM32F3xx_HAL_Driver/Src/stm32f3xx_hal_exti.o
LOAD ./Drivers/STM32F3xx_HAL_Driver/Src/stm32f3xx_hal_flash.o
LOAD ./Drivers/STM32F3xx_HAL_Driver/Src/stm32f3xx_hal_flash_ex.o
LOAD ./Drivers/STM32F3xx_HAL_Driver/Src/stm32f3xx_hal_gpio.o
LOAD ./Drivers/STM32F3xx_HAL_Driver/Src/stm32f3xx_hal_i2c.o
LOAD ./Drivers/STM32F3xx_HAL_Driver/Src/stm32f3xx_hal_i2c_ex.o
LOAD ./Drivers/STM32F3xx_HAL_Driver/Src/stm32f3xx_hal_pwr.o
LOAD ./Drivers/STM32F3xx_HAL_Driver/Src/stm32f3xx_hal_pwr_ex.o
LOAD ./Drivers/STM32F3xx_HAL_Driver/Src/stm32f3xx_hal_rcc.o
LOAD ./Drivers/STM32F3xx_HAL_Driver/Src/stm32f3xx_hal_rcc_ex.o
LOAD ./Drivers/STM32F3xx_HAL_Driver/Src/stm32f3xx_hal_tim.o
LOAD ./Drivers/STM32F3xx_HAL_Driver/Src/stm32f3xx_hal_tim_ex.o
LOAD ./Drivers/STM32F3xx_HAL_Driver/Src/stm32f3xx_hal_uart.o
LOAD ./Drivers/STM32F3xx_HAL_Driver/Src/stm32f3xx_hal_uart_ex.o
START GROUP
LOAD d:/stm32cubeide/stm32cubeide_1.10.1/stm32cubeide/plugins/com.st.stm32cube.ide.mcu.externaltools.gnu-tools-for-stm32.10.3-2021.10.win32_1.0.0.202111181127/tools/bin/../lib/gcc/arm-none-eabi/10.3.1/../../../../arm-none-eabi/lib/thumb/v7e-m+fp/hard\libc_nano.a
LOAD d:/stm32cubeide/stm32cubeide_1.10.1/stm32cubeide/plugins/com.st.stm32cube.ide.mcu.externaltools.gnu-tools-for-stm32.10.3-2021.10.win32_1.0.0.202111181127/tools/bin/../lib/gcc/arm-none-eabi/10.3.1/../../../../arm-none-eabi/lib/thumb/v7e-m+fp/hard\libm.a
END GROUP
START GROUP
LOAD d:/stm32cubeide/stm32cubeide_1.10.1/stm32cubeide/plugins/com.st.stm32cube.ide.mcu.externaltools.gnu-tools-for-stm32.10.3-2021.10.win32_1.0.0.202111181127/tools/bin/../lib/gcc/arm-none-eabi/10.3.1/thumb/v7e-m+fp/hard\libgcc.a
LOAD d:/stm32cubeide/stm32cubeide_1.10.1/stm32cubeide/plugins/com.st.stm32cube.ide.mcu.externaltools.gnu-tools-for-stm32.10.3-2021.10.win32_1.0.0.202111181127/tools/bin/../lib/gcc/arm-none-eabi/10.3.1/../../../../arm-none-eabi/lib/thumb/v7e-m+fp/hard\libc_nano.a
END GROUP
START GROUP
LOAD d:/stm32cubeide/stm32cubeide_1.10.1/stm32cubeide/plugins/com.st.stm32cube.ide.mcu.externaltools.gnu-tools-for-stm32.10.3-2021.10.win32_1.0.0.202111181127/tools/bin/../lib/gcc/arm-none-eabi/10.3.1/thumb/v7e-m+fp/hard\libgcc.a
LOAD d:/stm32cubeide/stm32cubeide_1.10.1/stm32cubeide/plugins/com.st.stm32cube.ide.mcu.externaltools.gnu-tools-for-stm32.10.3-2021.10.win32_1.0.0.202111181127/tools/bin/../lib/gcc/arm-none-eabi/10.3.1/../../../../arm-none-eabi/lib/thumb/v7e-m+fp/hard\libc_nano.a
LOAD d:/stm32cubeide/stm32cubeide_1.10.1/stm32cubeide/plugins/com.st.stm32cube.ide.mcu.externaltools.gnu-tools-for-stm32.10.3-2021.10.win32_1.0.0.202111181127/tools/bin/../lib/gcc/arm-none-eabi/10.3.1/../../../../arm-none-eabi/lib/thumb/v7e-m+fp/hard\libnosys.a
END GROUP
START GROUP
LOAD d:/stm32cubeide/stm32cubeide_1.10.1/stm32cubeide/plugins/com.st.stm32cube.ide.mcu.externaltools.gnu-tools-for-stm32.10.3-2021.10.win32_1.0.0.202111181127/tools/bin/../lib/gcc/arm-none-eabi/10.3.1/thumb/v7e-m+fp/hard\libgcc.a
LOAD d:/stm32cubeide/stm32cubeide_1.10.1/stm32cubeide/plugins/com.st.stm32cube.ide.mcu.externaltools.gnu-tools-for-stm32.10.3-2021.10.win32_1.0.0.202111181127/tools/bin/../lib/gcc/arm-none-eabi/10.3.1/../../../../arm-none-eabi/lib/thumb/v7e-m+fp/hard\libc_nano.a
LOAD d:/stm32cubeide/stm32cubeide_1.10.1/stm32cubeide/plugins/com.st.stm32cube.ide.mcu.externaltools.gnu-tools-for-stm32.10.3-2021.10.win32_1.0.0.202111181127/tools/bin/../lib/gcc/arm-none-eabi/10.3.1/../../../../arm-none-eabi/lib/thumb/v7e-m+fp/hard\libnosys.a
END GROUP
LOAD d:/stm32cubeide/stm32cubeide_1.10.1/stm32cubeide/plugins/com.st.stm32cube.ide.mcu.externaltools.gnu-tools-for-stm32.10.3-2021.10.win32_1.0.0.202111181127/tools/bin/../lib/gcc/arm-none-eabi/10.3.1/thumb/v7e-m+fp/hard/crtend.o
LOAD d:/stm32cubeide/stm32cubeide_1.10.1/stm32cubeide/plugins/com.st.stm32cube.ide.mcu.externaltools.gnu-tools-for-stm32.10.3-2021.10.win32_1.0.0.202111181127/tools/bin/../lib/gcc/arm-none-eabi/10.3.1/thumb/v7e-m+fp/hard/crtn.o
                0x0000000020010000                _estack = (ORIGIN (RAM) + LENGTH (RAM))
                0x0000000000000200                _Min_Heap_Size = 0x200
                0x0000000000000400                _Min_Stack_Size = 0x400

.isr_vector     0x0000000008000000      0x194
                0x0000000008000000                . = ALIGN (0x4)
 *(.isr_vector)
 .isr_vector    0x0000000008000000      0x194 ./Core/Startup/startup_stm32f303retx.o
                0x0000000008000000                g_pfnVectors
                0x0000000008000194                . = ALIGN (0x4)

.text           0x0000000008000194     0x2d88
                0x0000000008000194                . = ALIGN (0x4)
 *(.text)
 .text          0x0000000008000194       0x40 d:/stm32cubeide/stm32cubeide_1.10.1/stm32cubeide/plugins/com.st.stm32cube.ide.mcu.externaltools.gnu-tools-for-stm32.10.3-2021.10.win32_1.0.0.202111181127/tools/bin/../lib/gcc/arm-none-eabi/10.3.1/thumb/v7e-m+fp/hard/crtbegin.o
 *(.text*)
 .text.__NVIC_SetPriority
                0x00000000080001d4       0x54 ./Core/Src/library.o
 .text.SysTick_Init
                0x0000000008000228       0x58 ./Core/Src/library.o
                0x0000000008000228                SysTick_Init
 .text.SetMode  0x0000000008000280       0x30 ./Core/Src/library.o
                0x0000000008000280                SetMode
 .text.SetType  0x00000000080002b0       0x2e ./Core/Src/library.o
                0x00000000080002b0                SetType
 .text.SetSpeed
                0x00000000080002de       0x30 ./Core/Src/library.o
                0x00000000080002de                SetSpeed
 .text.SetPullType
                0x000000000800030e       0x30 ./Core/Src/library.o
                0x000000000800030e                SetPullType
 .text.SetPin   0x000000000800033e       0x52 ./Core/Src/library.o
                0x000000000800033e                SetPin
 .text.CMR_TIM4_config
                0x0000000008000390       0x60 ./Core/Src/library.o
                0x0000000008000390                CMR_TIM4_config
 .text.main     0x00000000080003f0       0x54 ./Core/Src/main.o
                0x00000000080003f0                main
 .text.SystemClock_Config
                0x0000000008000444       0xc4 ./Core/Src/main.o
                0x0000000008000444                SystemClock_Config
 .text.MX_USART2_UART_Init
                0x0000000008000508       0x60 ./Core/Src/main.o
 .text.MX_GPIO_Init
                0x0000000008000568       0xcc ./Core/Src/main.o
 .text.Error_Handler
                0x0000000008000634        0xa ./Core/Src/main.o
                0x0000000008000634                Error_Handler
 *fill*         0x000000000800063e        0x2 
 .text.HAL_MspInit
                0x0000000008000640       0x48 ./Core/Src/stm32f3xx_hal_msp.o
                0x0000000008000640                HAL_MspInit
 .text.HAL_UART_MspInit
                0x0000000008000688       0x84 ./Core/Src/stm32f3xx_hal_msp.o
                0x0000000008000688                HAL_UART_MspInit
 .text.NMI_Handler
                0x000000000800070c        0x6 ./Core/Src/stm32f3xx_it.o
                0x000000000800070c                NMI_Handler
 .text.HardFault_Handler
                0x0000000008000712        0x6 ./Core/Src/stm32f3xx_it.o
                0x0000000008000712                HardFault_Handler
 .text.MemManage_Handler
                0x0000000008000718        0x6 ./Core/Src/stm32f3xx_it.o
                0x0000000008000718                MemManage_Handler
 .text.BusFault_Handler
                0x000000000800071e        0x6 ./Core/Src/stm32f3xx_it.o
                0x000000000800071e                BusFault_Handler
 .text.UsageFault_Handler
                0x0000000008000724        0x6 ./Core/Src/stm32f3xx_it.o
                0x0000000008000724                UsageFault_Handler
 .text.SVC_Handler
                0x000000000800072a        0xe ./Core/Src/stm32f3xx_it.o
                0x000000000800072a                SVC_Handler
 .text.DebugMon_Handler
                0x0000000008000738        0xe ./Core/Src/stm32f3xx_it.o
                0x0000000008000738                DebugMon_Handler
 .text.PendSV_Handler
                0x0000000008000746        0xe ./Core/Src/stm32f3xx_it.o
                0x0000000008000746                PendSV_Handler
 .text.SysTick_Handler
                0x0000000008000754        0xc ./Core/Src/stm32f3xx_it.o
                0x0000000008000754                SysTick_Handler
 .text.SystemInit
                0x0000000008000760       0x24 ./Core/Src/system_stm32f3xx.o
                0x0000000008000760                SystemInit
 .text.Reset_Handler
                0x0000000008000784       0x50 ./Core/Startup/startup_stm32f303retx.o
                0x0000000008000784                Reset_Handler
 .text.Default_Handler
                0x00000000080007d4        0x2 ./Core/Startup/startup_stm32f303retx.o
                0x00000000080007d4                RTC_Alarm_IRQHandler
                0x00000000080007d4                TIM8_TRG_COM_IRQHandler
                0x00000000080007d4                TIM8_CC_IRQHandler
                0x00000000080007d4                SPI4_IRQHandler
                0x00000000080007d4                TIM1_CC_IRQHandler
                0x00000000080007d4                USB_HP_IRQHandler
                0x00000000080007d4                PVD_IRQHandler
                0x00000000080007d4                TAMP_STAMP_IRQHandler
                0x00000000080007d4                EXTI3_IRQHandler
                0x00000000080007d4                I2C3_ER_IRQHandler
                0x00000000080007d4                USB_HP_CAN_TX_IRQHandler
                0x00000000080007d4                EXTI0_IRQHandler
                0x00000000080007d4                I2C2_EV_IRQHandler
                0x00000000080007d4                FPU_IRQHandler
                0x00000000080007d4                TIM1_UP_TIM16_IRQHandler
                0x00000000080007d4                ADC1_2_IRQHandler
                0x00000000080007d4                SPI1_IRQHandler
                0x00000000080007d4                CAN_SCE_IRQHandler
                0x00000000080007d4                TIM6_DAC_IRQHandler
                0x00000000080007d4                TIM8_UP_IRQHandler
                0x00000000080007d4                DMA2_Channel2_IRQHandler
                0x00000000080007d4                DMA1_Channel4_IRQHandler
                0x00000000080007d4                TIM20_TRG_COM_IRQHandler
                0x00000000080007d4                USART3_IRQHandler
                0x00000000080007d4                DMA1_Channel7_IRQHandler
                0x00000000080007d4                UART5_IRQHandler
                0x00000000080007d4                ADC3_IRQHandler
                0x00000000080007d4                TIM4_IRQHandler
                0x00000000080007d4                CAN_RX1_IRQHandler
                0x00000000080007d4                DMA2_Channel1_IRQHandler
                0x00000000080007d4                I2C1_EV_IRQHandler
                0x00000000080007d4                DMA1_Channel6_IRQHandler
                0x00000000080007d4                UART4_IRQHandler
                0x00000000080007d4                DMA2_Channel4_IRQHandler
                0x00000000080007d4                TIM3_IRQHandler
                0x00000000080007d4                RCC_IRQHandler
                0x00000000080007d4                TIM20_UP_IRQHandler
                0x00000000080007d4                DMA1_Channel1_IRQHandler
                0x00000000080007d4                Default_Handler
                0x00000000080007d4                USBWakeUp_RMP_IRQHandler
                0x00000000080007d4                EXTI15_10_IRQHandler
                0x00000000080007d4                TIM7_IRQHandler
                0x00000000080007d4                I2C3_EV_IRQHandler
                0x00000000080007d4                EXTI9_5_IRQHandler
                0x00000000080007d4                RTC_WKUP_IRQHandler
                0x00000000080007d4                SPI2_IRQHandler
                0x00000000080007d4                USB_LP_CAN_RX0_IRQHandler
                0x00000000080007d4                DMA2_Channel5_IRQHandler
                0x00000000080007d4                DMA1_Channel5_IRQHandler
                0x00000000080007d4                USB_LP_IRQHandler
                0x00000000080007d4                EXTI4_IRQHandler
                0x00000000080007d4                TIM1_TRG_COM_TIM17_IRQHandler
                0x00000000080007d4                DMA1_Channel3_IRQHandler
                0x00000000080007d4                ADC4_IRQHandler
                0x00000000080007d4                WWDG_IRQHandler
                0x00000000080007d4                TIM2_IRQHandler
                0x00000000080007d4                COMP7_IRQHandler
                0x00000000080007d4                COMP1_2_3_IRQHandler
                0x00000000080007d4                EXTI1_IRQHandler
                0x00000000080007d4                USART2_IRQHandler
                0x00000000080007d4                COMP4_5_6_IRQHandler
                0x00000000080007d4                TIM20_BRK_IRQHandler
                0x00000000080007d4                I2C2_ER_IRQHandler
                0x00000000080007d4                DMA1_Channel2_IRQHandler
                0x00000000080007d4                TIM8_BRK_IRQHandler
                0x00000000080007d4                FLASH_IRQHandler
                0x00000000080007d4                TIM20_CC_IRQHandler
                0x00000000080007d4                USART1_IRQHandler
                0x00000000080007d4                SPI3_IRQHandler
                0x00000000080007d4                I2C1_ER_IRQHandler
                0x00000000080007d4                FMC_IRQHandler
                0x00000000080007d4                USBWakeUp_IRQHandler
                0x00000000080007d4                DMA2_Channel3_IRQHandler
                0x00000000080007d4                EXTI2_TSC_IRQHandler
                0x00000000080007d4                TIM1_BRK_TIM15_IRQHandler
 *fill*         0x00000000080007d6        0x2 
 .text.HAL_Init
                0x00000000080007d8       0x2c ./Drivers/STM32F3xx_HAL_Driver/Src/stm32f3xx_hal.o
                0x00000000080007d8                HAL_Init
 .text.HAL_InitTick
                0x0000000008000804       0x60 ./Drivers/STM32F3xx_HAL_Driver/Src/stm32f3xx_hal.o
                0x0000000008000804                HAL_InitTick
 .text.HAL_IncTick
                0x0000000008000864       0x28 ./Drivers/STM32F3xx_HAL_Driver/Src/stm32f3xx_hal.o
                0x0000000008000864                HAL_IncTick
 .text.HAL_GetTick
                0x000000000800088c       0x18 ./Drivers/STM32F3xx_HAL_Driver/Src/stm32f3xx_hal.o
                0x000000000800088c                HAL_GetTick
 .text.__NVIC_SetPriorityGrouping
                0x00000000080008a4       0x48 ./Drivers/STM32F3xx_HAL_Driver/Src/stm32f3xx_hal_cortex.o
 .text.__NVIC_GetPriorityGrouping
                0x00000000080008ec       0x1c ./Drivers/STM32F3xx_HAL_Driver/Src/stm32f3xx_hal_cortex.o
 .text.__NVIC_SetPriority
                0x0000000008000908       0x54 ./Drivers/STM32F3xx_HAL_Driver/Src/stm32f3xx_hal_cortex.o
 .text.NVIC_EncodePriority
                0x000000000800095c       0x66 ./Drivers/STM32F3xx_HAL_Driver/Src/stm32f3xx_hal_cortex.o
 *fill*         0x00000000080009c2        0x2 
 .text.SysTick_Config
                0x00000000080009c4       0x44 ./Drivers/STM32F3xx_HAL_Driver/Src/stm32f3xx_hal_cortex.o
 .text.HAL_NVIC_SetPriorityGrouping
                0x0000000008000a08       0x16 ./Drivers/STM32F3xx_HAL_Driver/Src/stm32f3xx_hal_cortex.o
                0x0000000008000a08                HAL_NVIC_SetPriorityGrouping
 .text.HAL_NVIC_SetPriority
                0x0000000008000a1e       0x38 ./Drivers/STM32F3xx_HAL_Driver/Src/stm32f3xx_hal_cortex.o
                0x0000000008000a1e                HAL_NVIC_SetPriority
 .text.HAL_SYSTICK_Config
                0x0000000008000a56       0x18 ./Drivers/STM32F3xx_HAL_Driver/Src/stm32f3xx_hal_cortex.o
                0x0000000008000a56                HAL_SYSTICK_Config
 *fill*         0x0000000008000a6e        0x2 
 .text.HAL_GPIO_Init
                0x0000000008000a70      0x314 ./Drivers/STM32F3xx_HAL_Driver/Src/stm32f3xx_hal_gpio.o
                0x0000000008000a70                HAL_GPIO_Init
 .text.HAL_GPIO_WritePin
                0x0000000008000d84       0x30 ./Drivers/STM32F3xx_HAL_Driver/Src/stm32f3xx_hal_gpio.o
                0x0000000008000d84                HAL_GPIO_WritePin
 .text.HAL_RCC_OscConfig
                0x0000000008000db4     0x10a8 ./Drivers/STM32F3xx_HAL_Driver/Src/stm32f3xx_hal_rcc.o
                0x0000000008000db4                HAL_RCC_OscConfig
 .text.HAL_RCC_ClockConfig
                0x0000000008001e5c      0x2f8 ./Drivers/STM32F3xx_HAL_Driver/Src/stm32f3xx_hal_rcc.o
                0x0000000008001e5c                HAL_RCC_ClockConfig
 .text.HAL_RCC_GetSysClockFreq
                0x0000000008002154       0xd4 ./Drivers/STM32F3xx_HAL_Driver/Src/stm32f3xx_hal_rcc.o
                0x0000000008002154                HAL_RCC_GetSysClockFreq
 .text.HAL_RCC_GetHCLKFreq
                0x0000000008002228       0x18 ./Drivers/STM32F3xx_HAL_Driver/Src/stm32f3xx_hal_rcc.o
                0x0000000008002228                HAL_RCC_GetHCLKFreq
 .text.HAL_RCC_GetPCLK1Freq
                0x0000000008002240       0x44 ./Drivers/STM32F3xx_HAL_Driver/Src/stm32f3xx_hal_rcc.o
                0x0000000008002240                HAL_RCC_GetPCLK1Freq
 .text.HAL_RCC_GetPCLK2Freq
                0x0000000008002284       0x44 ./Drivers/STM32F3xx_HAL_Driver/Src/stm32f3xx_hal_rcc.o
                0x0000000008002284                HAL_RCC_GetPCLK2Freq
 .text.HAL_RCCEx_PeriphCLKConfig
                0x00000000080022c8      0x43c ./Drivers/STM32F3xx_HAL_Driver/Src/stm32f3xx_hal_rcc_ex.o
                0x00000000080022c8                HAL_RCCEx_PeriphCLKConfig
 .text.HAL_UART_Init
                0x0000000008002704       0x9c ./Drivers/STM32F3xx_HAL_Driver/Src/stm32f3xx_hal_uart.o
                0x0000000008002704                HAL_UART_Init
 .text.UART_SetConfig
                0x00000000080027a0      0x3ac ./Drivers/STM32F3xx_HAL_Driver/Src/stm32f3xx_hal_uart.o
                0x00000000080027a0                UART_SetConfig
 .text.UART_AdvFeatureConfig
                0x0000000008002b4c      0x144 ./Drivers/STM32F3xx_HAL_Driver/Src/stm32f3xx_hal_uart.o
                0x0000000008002b4c                UART_AdvFeatureConfig
 .text.UART_CheckIdleState
                0x0000000008002c90       0x92 ./Drivers/STM32F3xx_HAL_Driver/Src/stm32f3xx_hal_uart.o
                0x0000000008002c90                UART_CheckIdleState
 .text.UART_WaitOnFlagUntilTimeout
                0x0000000008002d22      0x188 ./Drivers/STM32F3xx_HAL_Driver/Src/stm32f3xx_hal_uart.o
                0x0000000008002d22                UART_WaitOnFlagUntilTimeout
 *fill*         0x0000000008002eaa        0x2 
 .text.__libc_init_array
                0x0000000008002eac       0x48 d:/stm32cubeide/stm32cubeide_1.10.1/stm32cubeide/plugins/com.st.stm32cube.ide.mcu.externaltools.gnu-tools-for-stm32.10.3-2021.10.win32_1.0.0.202111181127/tools/bin/../lib/gcc/arm-none-eabi/10.3.1/../../../../arm-none-eabi/lib/thumb/v7e-m+fp/hard\libc_nano.a(lib_a-init.o)
                0x0000000008002eac                __libc_init_array
 .text.memset   0x0000000008002ef4       0x10 d:/stm32cubeide/stm32cubeide_1.10.1/stm32cubeide/plugins/com.st.stm32cube.ide.mcu.externaltools.gnu-tools-for-stm32.10.3-2021.10.win32_1.0.0.202111181127/tools/bin/../lib/gcc/arm-none-eabi/10.3.1/../../../../arm-none-eabi/lib/thumb/v7e-m+fp/hard\libc_nano.a(lib_a-memset.o)
                0x0000000008002ef4                memset
 *(.glue_7)
 .glue_7        0x0000000008002f04        0x0 linker stubs
 *(.glue_7t)
 .glue_7t       0x0000000008002f04        0x0 linker stubs
 *(.eh_frame)
 .eh_frame      0x0000000008002f04        0x0 d:/stm32cubeide/stm32cubeide_1.10.1/stm32cubeide/plugins/com.st.stm32cube.ide.mcu.externaltools.gnu-tools-for-stm32.10.3-2021.10.win32_1.0.0.202111181127/tools/bin/../lib/gcc/arm-none-eabi/10.3.1/thumb/v7e-m+fp/hard/crtbegin.o
 *(.init)
 .init          0x0000000008002f04        0x4 d:/stm32cubeide/stm32cubeide_1.10.1/stm32cubeide/plugins/com.st.stm32cube.ide.mcu.externaltools.gnu-tools-for-stm32.10.3-2021.10.win32_1.0.0.202111181127/tools/bin/../lib/gcc/arm-none-eabi/10.3.1/thumb/v7e-m+fp/hard/crti.o
                0x0000000008002f04                _init
 .init          0x0000000008002f08        0x8 d:/stm32cubeide/stm32cubeide_1.10.1/stm32cubeide/plugins/com.st.stm32cube.ide.mcu.externaltools.gnu-tools-for-stm32.10.3-2021.10.win32_1.0.0.202111181127/tools/bin/../lib/gcc/arm-none-eabi/10.3.1/thumb/v7e-m+fp/hard/crtn.o
 *(.fini)
 .fini          0x0000000008002f10        0x4 d:/stm32cubeide/stm32cubeide_1.10.1/stm32cubeide/plugins/com.st.stm32cube.ide.mcu.externaltools.gnu-tools-for-stm32.10.3-2021.10.win32_1.0.0.202111181127/tools/bin/../lib/gcc/arm-none-eabi/10.3.1/thumb/v7e-m+fp/hard/crti.o
                0x0000000008002f10                _fini
 .fini          0x0000000008002f14        0x8 d:/stm32cubeide/stm32cubeide_1.10.1/stm32cubeide/plugins/com.st.stm32cube.ide.mcu.externaltools.gnu-tools-for-stm32.10.3-2021.10.win32_1.0.0.202111181127/tools/bin/../lib/gcc/arm-none-eabi/10.3.1/thumb/v7e-m+fp/hard/crtn.o
                0x0000000008002f1c                . = ALIGN (0x4)
                0x0000000008002f1c                _etext = .

.vfp11_veneer   0x0000000008002f1c        0x0
 .vfp11_veneer  0x0000000008002f1c        0x0 linker stubs

.v4_bx          0x0000000008002f1c        0x0
 .v4_bx         0x0000000008002f1c        0x0 linker stubs

.iplt           0x0000000008002f1c        0x0
 .iplt          0x0000000008002f1c        0x0 d:/stm32cubeide/stm32cubeide_1.10.1/stm32cubeide/plugins/com.st.stm32cube.ide.mcu.externaltools.gnu-tools-for-stm32.10.3-2021.10.win32_1.0.0.202111181127/tools/bin/../lib/gcc/arm-none-eabi/10.3.1/thumb/v7e-m+fp/hard/crtbegin.o

.rodata         0x0000000008002f1c       0x38
                0x0000000008002f1c                . = ALIGN (0x4)
 *(.rodata)
 *(.rodata*)
 .rodata.AHBPrescTable
                0x0000000008002f1c       0x10 ./Core/Src/system_stm32f3xx.o
                0x0000000008002f1c                AHBPrescTable
 .rodata.APBPrescTable
                0x0000000008002f2c        0x8 ./Core/Src/system_stm32f3xx.o
                0x0000000008002f2c                APBPrescTable
 .rodata.aPLLMULFactorTable
                0x0000000008002f34       0x10 ./Drivers/STM32F3xx_HAL_Driver/Src/stm32f3xx_hal_rcc.o
                0x0000000008002f34                aPLLMULFactorTable
 .rodata.aPredivFactorTable
                0x0000000008002f44       0x10 ./Drivers/STM32F3xx_HAL_Driver/Src/stm32f3xx_hal_rcc.o
                0x0000000008002f44                aPredivFactorTable
                0x0000000008002f54                . = ALIGN (0x4)

.rel.dyn        0x0000000008002f54        0x0
 .rel.iplt      0x0000000008002f54        0x0 d:/stm32cubeide/stm32cubeide_1.10.1/stm32cubeide/plugins/com.st.stm32cube.ide.mcu.externaltools.gnu-tools-for-stm32.10.3-2021.10.win32_1.0.0.202111181127/tools/bin/../lib/gcc/arm-none-eabi/10.3.1/thumb/v7e-m+fp/hard/crtbegin.o

.ARM.extab      0x0000000008002f54        0x0
                0x0000000008002f54                . = ALIGN (0x4)
 *(.ARM.extab* .gnu.linkonce.armextab.*)
                0x0000000008002f54                . = ALIGN (0x4)

.ARM            0x0000000008002f54        0x0
                0x0000000008002f54                . = ALIGN (0x4)
                0x0000000008002f54                __exidx_start = .
 *(.ARM.exidx*)
                0x0000000008002f54                __exidx_end = .
                0x0000000008002f54                . = ALIGN (0x4)

.preinit_array  0x0000000008002f54        0x0
                0x0000000008002f54                . = ALIGN (0x4)
                0x0000000008002f54                PROVIDE (__preinit_array_start = .)
 *(.preinit_array*)
                0x0000000008002f54                PROVIDE (__preinit_array_end = .)
                0x0000000008002f54                . = ALIGN (0x4)

.init_array     0x0000000008002f54        0x4
                0x0000000008002f54                . = ALIGN (0x4)
                0x0000000008002f54                PROVIDE (__init_array_start = .)
 *(SORT_BY_NAME(.init_array.*))
 *(.init_array*)
 .init_array    0x0000000008002f54        0x4 d:/stm32cubeide/stm32cubeide_1.10.1/stm32cubeide/plugins/com.st.stm32cube.ide.mcu.externaltools.gnu-tools-for-stm32.10.3-2021.10.win32_1.0.0.202111181127/tools/bin/../lib/gcc/arm-none-eabi/10.3.1/thumb/v7e-m+fp/hard/crtbegin.o
                0x0000000008002f58                PROVIDE (__init_array_end = .)
                0x0000000008002f58                . = ALIGN (0x4)

.fini_array     0x0000000008002f58        0x4
                0x0000000008002f58                . = ALIGN (0x4)
                [!provide]                        PROVIDE (__fini_array_start = .)
 *(SORT_BY_NAME(.fini_array.*))
 *(.fini_array*)
 .fini_array    0x0000000008002f58        0x4 d:/stm32cubeide/stm32cubeide_1.10.1/stm32cubeide/plugins/com.st.stm32cube.ide.mcu.externaltools.gnu-tools-for-stm32.10.3-2021.10.win32_1.0.0.202111181127/tools/bin/../lib/gcc/arm-none-eabi/10.3.1/thumb/v7e-m+fp/hard/crtbegin.o
                [!provide]                        PROVIDE (__fini_array_end = .)
                0x0000000008002f5c                . = ALIGN (0x4)
                0x0000000008002f5c                _sidata = LOADADDR (.data)

.data           0x0000000020000000        0xc load address 0x0000000008002f5c
                0x0000000020000000                . = ALIGN (0x4)
                0x0000000020000000                _sdata = .
 *(.data)
 *(.data*)
 .data.SystemCoreClock
                0x0000000020000000        0x4 ./Core/Src/system_stm32f3xx.o
                0x0000000020000000                SystemCoreClock
 .data.uwTickPrio
                0x0000000020000004        0x4 ./Drivers/STM32F3xx_HAL_Driver/Src/stm32f3xx_hal.o
                0x0000000020000004                uwTickPrio
 .data.uwTickFreq
                0x0000000020000008        0x1 ./Drivers/STM32F3xx_HAL_Driver/Src/stm32f3xx_hal.o
                0x0000000020000008                uwTickFreq
 *(.RamFunc)
 *(.RamFunc*)
                0x000000002000000c                . = ALIGN (0x4)
 *fill*         0x0000000020000009        0x3 
                0x000000002000000c                _edata = .
                0x0000000008002f68                _siccmram = LOADADDR (.ccmram)

.igot.plt       0x000000002000000c        0x0 load address 0x0000000008002f68
 .igot.plt      0x000000002000000c        0x0 d:/stm32cubeide/stm32cubeide_1.10.1/stm32cubeide/plugins/com.st.stm32cube.ide.mcu.externaltools.gnu-tools-for-stm32.10.3-2021.10.win32_1.0.0.202111181127/tools/bin/../lib/gcc/arm-none-eabi/10.3.1/thumb/v7e-m+fp/hard/crtbegin.o

.ccmram         0x0000000010000000        0x0 load address 0x0000000008002f68
                0x0000000010000000                . = ALIGN (0x4)
                0x0000000010000000                _sccmram = .
 *(.ccmram)
 *(.ccmram*)
                0x0000000010000000                . = ALIGN (0x4)
                0x0000000010000000                _eccmram = .
                0x0000000010000000                . = ALIGN (0x4)

.bss            0x000000002000000c       0xa4
                0x000000002000000c                _sbss = .
                0x000000002000000c                __bss_start__ = _sbss
 *(.bss)
 .bss           0x000000002000000c       0x1c d:/stm32cubeide/stm32cubeide_1.10.1/stm32cubeide/plugins/com.st.stm32cube.ide.mcu.externaltools.gnu-tools-for-stm32.10.3-2021.10.win32_1.0.0.202111181127/tools/bin/../lib/gcc/arm-none-eabi/10.3.1/thumb/v7e-m+fp/hard/crtbegin.o
 *(.bss*)
 .bss.huart2    0x0000000020000028       0x84 ./Core/Src/main.o
                0x0000000020000028                huart2
 .bss.uwTick    0x00000000200000ac        0x4 ./Drivers/STM32F3xx_HAL_Driver/Src/stm32f3xx_hal.o
                0x00000000200000ac                uwTick
 *(COMMON)
                0x00000000200000b0                . = ALIGN (0x4)
                0x00000000200000b0                _ebss = .
                0x00000000200000b0                __bss_end__ = _ebss

._user_heap_stack
                0x00000000200000b0      0x600
                0x00000000200000b0                . = ALIGN (0x8)
                [!provide]                        PROVIDE (end = .)
                0x00000000200000b0                PROVIDE (_end = .)
                0x00000000200002b0                . = (. + _Min_Heap_Size)
 *fill*         0x00000000200000b0      0x200 
                0x00000000200006b0                . = (. + _Min_Stack_Size)
 *fill*         0x00000000200002b0      0x400 
                0x00000000200006b0                . = ALIGN (0x8)

/DISCARD/
 libc.a(*)
 libm.a(*)
 libgcc.a(*)

.ARM.attributes
                0x0000000000000000       0x30
 *(.ARM.attributes)
 .ARM.attributes
                0x0000000000000000       0x1e d:/stm32cubeide/stm32cubeide_1.10.1/stm32cubeide/plugins/com.st.stm32cube.ide.mcu.externaltools.gnu-tools-for-stm32.10.3-2021.10.win32_1.0.0.202111181127/tools/bin/../lib/gcc/arm-none-eabi/10.3.1/thumb/v7e-m+fp/hard/crti.o
 .ARM.attributes
                0x000000000000001e       0x34 d:/stm32cubeide/stm32cubeide_1.10.1/stm32cubeide/plugins/com.st.stm32cube.ide.mcu.externaltools.gnu-tools-for-stm32.10.3-2021.10.win32_1.0.0.202111181127/tools/bin/../lib/gcc/arm-none-eabi/10.3.1/thumb/v7e-m+fp/hard/crtbegin.o
 .ARM.attributes
                0x0000000000000052       0x34 ./Core/Src/library.o
 .ARM.attributes
                0x0000000000000086       0x34 ./Core/Src/main.o
 .ARM.attributes
                0x00000000000000ba       0x34 ./Core/Src/stm32f3xx_hal_msp.o
 .ARM.attributes
                0x00000000000000ee       0x34 ./Core/Src/stm32f3xx_it.o
 .ARM.attributes
                0x0000000000000122       0x34 ./Core/Src/system_stm32f3xx.o
 .ARM.attributes
                0x0000000000000156       0x21 ./Core/Startup/startup_stm32f303retx.o
 .ARM.attributes
                0x0000000000000177       0x34 ./Drivers/STM32F3xx_HAL_Driver/Src/stm32f3xx_hal.o
 .ARM.attributes
                0x00000000000001ab       0x34 ./Drivers/STM32F3xx_HAL_Driver/Src/stm32f3xx_hal_cortex.o
 .ARM.attributes
                0x00000000000001df       0x34 ./Drivers/STM32F3xx_HAL_Driver/Src/stm32f3xx_hal_gpio.o
 .ARM.attributes
                0x0000000000000213       0x34 ./Drivers/STM32F3xx_HAL_Driver/Src/stm32f3xx_hal_rcc.o
 .ARM.attributes
                0x0000000000000247       0x34 ./Drivers/STM32F3xx_HAL_Driver/Src/stm32f3xx_hal_rcc_ex.o
 .ARM.attributes
                0x000000000000027b       0x34 ./Drivers/STM32F3xx_HAL_Driver/Src/stm32f3xx_hal_uart.o
 .ARM.attributes
                0x00000000000002af       0x34 d:/stm32cubeide/stm32cubeide_1.10.1/stm32cubeide/plugins/com.st.stm32cube.ide.mcu.externaltools.gnu-tools-for-stm32.10.3-2021.10.win32_1.0.0.202111181127/tools/bin/../lib/gcc/arm-none-eabi/10.3.1/../../../../arm-none-eabi/lib/thumb/v7e-m+fp/hard\libc_nano.a(lib_a-init.o)
 .ARM.attributes
                0x00000000000002e3       0x34 d:/stm32cubeide/stm32cubeide_1.10.1/stm32cubeide/plugins/com.st.stm32cube.ide.mcu.externaltools.gnu-tools-for-stm32.10.3-2021.10.win32_1.0.0.202111181127/tools/bin/../lib/gcc/arm-none-eabi/10.3.1/../../../../arm-none-eabi/lib/thumb/v7e-m+fp/hard\libc_nano.a(lib_a-memset.o)
 .ARM.attributes
                0x0000000000000317       0x1e d:/stm32cubeide/stm32cubeide_1.10.1/stm32cubeide/plugins/com.st.stm32cube.ide.mcu.externaltools.gnu-tools-for-stm32.10.3-2021.10.win32_1.0.0.202111181127/tools/bin/../lib/gcc/arm-none-eabi/10.3.1/thumb/v7e-m+fp/hard/crtn.o
OUTPUT(Lab_04_PWM_Output_Andre.elf elf32-littlearm)
LOAD linker stubs
LOAD d:/stm32cubeide/stm32cubeide_1.10.1/stm32cubeide/plugins/com.st.stm32cube.ide.mcu.externaltools.gnu-tools-for-stm32.10.3-2021.10.win32_1.0.0.202111181127/tools/bin/../lib/gcc/arm-none-eabi/10.3.1/../../../../arm-none-eabi/lib/thumb/v7e-m+fp/hard\libc.a
LOAD d:/stm32cubeide/stm32cubeide_1.10.1/stm32cubeide/plugins/com.st.stm32cube.ide.mcu.externaltools.gnu-tools-for-stm32.10.3-2021.10.win32_1.0.0.202111181127/tools/bin/../lib/gcc/arm-none-eabi/10.3.1/../../../../arm-none-eabi/lib/thumb/v7e-m+fp/hard\libm.a
LOAD d:/stm32cubeide/stm32cubeide_1.10.1/stm32cubeide/plugins/com.st.stm32cube.ide.mcu.externaltools.gnu-tools-for-stm32.10.3-2021.10.win32_1.0.0.202111181127/tools/bin/../lib/gcc/arm-none-eabi/10.3.1/thumb/v7e-m+fp/hard\libgcc.a

.debug_info     0x0000000000000000     0xa23a
 .debug_info    0x0000000000000000      0xe1d ./Core/Src/library.o
 .debug_info    0x0000000000000e1d      0xd2f ./Core/Src/main.o
 .debug_info    0x0000000000001b4c      0xd3a ./Core/Src/stm32f3xx_hal_msp.o
 .debug_info    0x0000000000002886      0x159 ./Core/Src/stm32f3xx_it.o
 .debug_info    0x00000000000029df      0x416 ./Core/Src/system_stm32f3xx.o
 .debug_info    0x0000000000002df5       0x22 ./Core/Startup/startup_stm32f303retx.o
 .debug_info    0x0000000000002e17      0x837 ./Drivers/STM32F3xx_HAL_Driver/Src/stm32f3xx_hal.o
 .debug_info    0x000000000000364e      0xdb5 ./Drivers/STM32F3xx_HAL_Driver/Src/stm32f3xx_hal_cortex.o
 .debug_info    0x0000000000004403      0x74e ./Drivers/STM32F3xx_HAL_Driver/Src/stm32f3xx_hal_gpio.o
 .debug_info    0x0000000000004b51     0x1597 ./Drivers/STM32F3xx_HAL_Driver/Src/stm32f3xx_hal_rcc.o
 .debug_info    0x00000000000060e8      0x67f ./Drivers/STM32F3xx_HAL_Driver/Src/stm32f3xx_hal_rcc_ex.o
 .debug_info    0x0000000000006767     0x3ad3 ./Drivers/STM32F3xx_HAL_Driver/Src/stm32f3xx_hal_uart.o

.debug_abbrev   0x0000000000000000     0x1704
 .debug_abbrev  0x0000000000000000      0x231 ./Core/Src/library.o
 .debug_abbrev  0x0000000000000231      0x25c ./Core/Src/main.o
 .debug_abbrev  0x000000000000048d      0x1c3 ./Core/Src/stm32f3xx_hal_msp.o
 .debug_abbrev  0x0000000000000650       0xac ./Core/Src/stm32f3xx_it.o
 .debug_abbrev  0x00000000000006fc      0x116 ./Core/Src/system_stm32f3xx.o
 .debug_abbrev  0x0000000000000812       0x12 ./Core/Startup/startup_stm32f303retx.o
 .debug_abbrev  0x0000000000000824      0x20e ./Drivers/STM32F3xx_HAL_Driver/Src/stm32f3xx_hal.o
 .debug_abbrev  0x0000000000000a32      0x316 ./Drivers/STM32F3xx_HAL_Driver/Src/stm32f3xx_hal_cortex.o
 .debug_abbrev  0x0000000000000d48      0x1bb ./Drivers/STM32F3xx_HAL_Driver/Src/stm32f3xx_hal_gpio.o
 .debug_abbrev  0x0000000000000f03      0x30c ./Drivers/STM32F3xx_HAL_Driver/Src/stm32f3xx_hal_rcc.o
 .debug_abbrev  0x000000000000120f      0x239 ./Drivers/STM32F3xx_HAL_Driver/Src/stm32f3xx_hal_rcc_ex.o
 .debug_abbrev  0x0000000000001448      0x2bc ./Drivers/STM32F3xx_HAL_Driver/Src/stm32f3xx_hal_uart.o

.debug_aranges  0x0000000000000000      0x6e8
 .debug_aranges
                0x0000000000000000       0x80 ./Core/Src/library.o
 .debug_aranges
                0x0000000000000080       0x40 ./Core/Src/main.o
 .debug_aranges
                0x00000000000000c0       0x40 ./Core/Src/stm32f3xx_hal_msp.o
 .debug_aranges
                0x0000000000000100       0x60 ./Core/Src/stm32f3xx_it.o
 .debug_aranges
                0x0000000000000160       0x28 ./Core/Src/system_stm32f3xx.o
 .debug_aranges
                0x0000000000000188       0x28 ./Core/Startup/startup_stm32f303retx.o
 .debug_aranges
                0x00000000000001b0       0xe0 ./Drivers/STM32F3xx_HAL_Driver/Src/stm32f3xx_hal.o
 .debug_aranges
                0x0000000000000290      0x118 ./Drivers/STM32F3xx_HAL_Driver/Src/stm32f3xx_hal_cortex.o
 .debug_aranges
                0x00000000000003a8       0x58 ./Drivers/STM32F3xx_HAL_Driver/Src/stm32f3xx_hal_gpio.o
 .debug_aranges
                0x0000000000000400       0x88 ./Drivers/STM32F3xx_HAL_Driver/Src/stm32f3xx_hal_rcc.o
 .debug_aranges
                0x0000000000000488       0x38 ./Drivers/STM32F3xx_HAL_Driver/Src/stm32f3xx_hal_rcc_ex.o
 .debug_aranges
                0x00000000000004c0      0x228 ./Drivers/STM32F3xx_HAL_Driver/Src/stm32f3xx_hal_uart.o

.debug_ranges   0x0000000000000000      0x660
 .debug_ranges  0x0000000000000000       0x70 ./Core/Src/library.o
 .debug_ranges  0x0000000000000070       0x30 ./Core/Src/main.o
 .debug_ranges  0x00000000000000a0       0x30 ./Core/Src/stm32f3xx_hal_msp.o
 .debug_ranges  0x00000000000000d0       0x50 ./Core/Src/stm32f3xx_it.o
 .debug_ranges  0x0000000000000120       0x18 ./Core/Src/system_stm32f3xx.o
 .debug_ranges  0x0000000000000138       0x20 ./Core/Startup/startup_stm32f303retx.o
 .debug_ranges  0x0000000000000158       0xd0 ./Drivers/STM32F3xx_HAL_Driver/Src/stm32f3xx_hal.o
 .debug_ranges  0x0000000000000228      0x108 ./Drivers/STM32F3xx_HAL_Driver/Src/stm32f3xx_hal_cortex.o
 .debug_ranges  0x0000000000000330       0x48 ./Drivers/STM32F3xx_HAL_Driver/Src/stm32f3xx_hal_gpio.o
 .debug_ranges  0x0000000000000378       0x78 ./Drivers/STM32F3xx_HAL_Driver/Src/stm32f3xx_hal_rcc.o
 .debug_ranges  0x00000000000003f0       0x28 ./Drivers/STM32F3xx_HAL_Driver/Src/stm32f3xx_hal_rcc_ex.o
 .debug_ranges  0x0000000000000418      0x248 ./Drivers/STM32F3xx_HAL_Driver/Src/stm32f3xx_hal_uart.o

.debug_macro    0x0000000000000000    0x1fb68
 .debug_macro   0x0000000000000000      0x1e6 ./Core/Src/library.o
 .debug_macro   0x00000000000001e6      0xa78 ./Core/Src/library.o
 .debug_macro   0x0000000000000c5e      0x157 ./Core/Src/library.o
 .debug_macro   0x0000000000000db5       0x2e ./Core/Src/library.o
 .debug_macro   0x0000000000000de3       0x28 ./Core/Src/library.o
 .debug_macro   0x0000000000000e0b       0x22 ./Core/Src/library.o
 .debug_macro   0x0000000000000e2d       0x8e ./Core/Src/library.o
 .debug_macro   0x0000000000000ebb       0x51 ./Core/Src/library.o
 .debug_macro   0x0000000000000f0c      0x103 ./Core/Src/library.o
 .debug_macro   0x000000000000100f       0x6a ./Core/Src/library.o
 .debug_macro   0x0000000000001079      0x1df ./Core/Src/library.o
 .debug_macro   0x0000000000001258       0x1c ./Core/Src/library.o
 .debug_macro   0x0000000000001274       0x22 ./Core/Src/library.o
 .debug_macro   0x0000000000001296       0xd9 ./Core/Src/library.o
 .debug_macro   0x000000000000136f     0x102d ./Core/Src/library.o
 .debug_macro   0x000000000000239c      0x11f ./Core/Src/library.o
 .debug_macro   0x00000000000024bb    0x1535a ./Core/Src/library.o
 .debug_macro   0x0000000000017815       0x6d ./Core/Src/library.o
 .debug_macro   0x0000000000017882     0x3540 ./Core/Src/library.o
 .debug_macro   0x000000000001adc2      0x174 ./Core/Src/library.o
 .debug_macro   0x000000000001af36       0x55 ./Core/Src/library.o
 .debug_macro   0x000000000001af8b      0x954 ./Core/Src/library.o
 .debug_macro   0x000000000001b8df      0x84a ./Core/Src/library.o
 .debug_macro   0x000000000001c129      0x1b6 ./Core/Src/library.o
 .debug_macro   0x000000000001c2df      0x23a ./Core/Src/library.o
 .debug_macro   0x000000000001c519      0x1ea ./Core/Src/library.o
 .debug_macro   0x000000000001c703      0x1bc ./Core/Src/library.o
 .debug_macro   0x000000000001c8bf       0x30 ./Core/Src/library.o
 .debug_macro   0x000000000001c8ef       0x3c ./Core/Src/library.o
 .debug_macro   0x000000000001c92b      0x236 ./Core/Src/library.o
 .debug_macro   0x000000000001cb61       0xc5 ./Core/Src/library.o
 .debug_macro   0x000000000001cc26      0x21d ./Core/Src/library.o
 .debug_macro   0x000000000001ce43      0x22c ./Core/Src/library.o
 .debug_macro   0x000000000001d06f       0x5b ./Core/Src/library.o
 .debug_macro   0x000000000001d0ca       0xa5 ./Core/Src/library.o
 .debug_macro   0x000000000001d16f       0x81 ./Core/Src/library.o
 .debug_macro   0x000000000001d1f0       0xd3 ./Core/Src/library.o
 .debug_macro   0x000000000001d2c3      0xa3d ./Core/Src/library.o
 .debug_macro   0x000000000001dd00       0xbb ./Core/Src/library.o
 .debug_macro   0x000000000001ddbb      0x5a5 ./Core/Src/library.o
 .debug_macro   0x000000000001e360       0x44 ./Core/Src/library.o
 .debug_macro   0x000000000001e3a4      0x347 ./Core/Src/library.o
 .debug_macro   0x000000000001e6eb       0x82 ./Core/Src/library.o
 .debug_macro   0x000000000001e76d      0x1ef ./Core/Src/main.o
 .debug_macro   0x000000000001e95c       0x58 ./Core/Src/main.o
 .debug_macro   0x000000000001e9b4       0x88 ./Core/Src/main.o
 .debug_macro   0x000000000001ea3c      0x1e6 ./Core/Src/stm32f3xx_hal_msp.o
 .debug_macro   0x000000000001ec22      0x1f9 ./Core/Src/stm32f3xx_it.o
 .debug_macro   0x000000000001ee1b      0x1d7 ./Core/Src/system_stm32f3xx.o
 .debug_macro   0x000000000001eff2      0x1fb ./Drivers/STM32F3xx_HAL_Driver/Src/stm32f3xx_hal.o
 .debug_macro   0x000000000001f1ed      0x1d7 ./Drivers/STM32F3xx_HAL_Driver/Src/stm32f3xx_hal_cortex.o
 .debug_macro   0x000000000001f3c4      0x1de ./Drivers/STM32F3xx_HAL_Driver/Src/stm32f3xx_hal_gpio.o
 .debug_macro   0x000000000001f5a2      0x1fb ./Drivers/STM32F3xx_HAL_Driver/Src/stm32f3xx_hal_rcc.o
 .debug_macro   0x000000000001f79d      0x1d7 ./Drivers/STM32F3xx_HAL_Driver/Src/stm32f3xx_hal_rcc_ex.o
 .debug_macro   0x000000000001f974      0x1f4 ./Drivers/STM32F3xx_HAL_Driver/Src/stm32f3xx_hal_uart.o

.debug_line     0x0000000000000000     0xa01e
 .debug_line    0x0000000000000000      0xb2d ./Core/Src/library.o
 .debug_line    0x0000000000000b2d      0x820 ./Core/Src/main.o
 .debug_line    0x000000000000134d      0x794 ./Core/Src/stm32f3xx_hal_msp.o
 .debug_line    0x0000000000001ae1      0x7de ./Core/Src/stm32f3xx_it.o
 .debug_line    0x00000000000022bf      0x78a ./Core/Src/system_stm32f3xx.o
 .debug_line    0x0000000000002a49       0x88 ./Core/Startup/startup_stm32f303retx.o
 .debug_line    0x0000000000002ad1      0x9ba ./Drivers/STM32F3xx_HAL_Driver/Src/stm32f3xx_hal.o
 .debug_line    0x000000000000348b      0xc7f ./Drivers/STM32F3xx_HAL_Driver/Src/stm32f3xx_hal_cortex.o
 .debug_line    0x000000000000410a      0xb43 ./Drivers/STM32F3xx_HAL_Driver/Src/stm32f3xx_hal_gpio.o
 .debug_line    0x0000000000004c4d     0x13af ./Drivers/STM32F3xx_HAL_Driver/Src/stm32f3xx_hal_rcc.o
 .debug_line    0x0000000000005ffc      0xed6 ./Drivers/STM32F3xx_HAL_Driver/Src/stm32f3xx_hal_rcc_ex.o
 .debug_line    0x0000000000006ed2     0x314c ./Drivers/STM32F3xx_HAL_Driver/Src/stm32f3xx_hal_uart.o

.debug_str      0x0000000000000000    0xc4cc5
 .debug_str     0x0000000000000000    0xc2ad8 ./Core/Src/library.o
                                      0xc334f (size before relaxing)
 .debug_str     0x00000000000c2ad8      0x922 ./Core/Src/main.o
                                      0xc3513 (size before relaxing)
 .debug_str     0x00000000000c33fa      0x37b ./Core/Src/stm32f3xx_hal_msp.o
                                      0xc3346 (size before relaxing)
 .debug_str     0x00000000000c3775       0xd7 ./Core/Src/stm32f3xx_it.o
                                      0xc2cbe (size before relaxing)
 .debug_str     0x00000000000c384c       0x8b ./Core/Src/system_stm32f3xx.o
                                      0xc2aaa (size before relaxing)
 .debug_str     0x00000000000c38d7       0x36 ./Core/Startup/startup_stm32f303retx.o
                                         0x85 (size before relaxing)
 .debug_str     0x00000000000c390d      0x381 ./Drivers/STM32F3xx_HAL_Driver/Src/stm32f3xx_hal.o
                                      0xc3353 (size before relaxing)
 .debug_str     0x00000000000c3c8e      0x304 ./Drivers/STM32F3xx_HAL_Driver/Src/stm32f3xx_hal_cortex.o
                                      0xc33a5 (size before relaxing)
 .debug_str     0x00000000000c3f92       0xdc ./Drivers/STM32F3xx_HAL_Driver/Src/stm32f3xx_hal_gpio.o
                                      0xc2c8f (size before relaxing)
 .debug_str     0x00000000000c406e      0x2dd ./Drivers/STM32F3xx_HAL_Driver/Src/stm32f3xx_hal_rcc.o
                                      0xc2f4e (size before relaxing)
 .debug_str     0x00000000000c434b       0xbe ./Drivers/STM32F3xx_HAL_Driver/Src/stm32f3xx_hal_rcc_ex.o
                                      0xc2d98 (size before relaxing)
 .debug_str     0x00000000000c4409      0x8bc ./Drivers/STM32F3xx_HAL_Driver/Src/stm32f3xx_hal_uart.o
                                      0xc37a5 (size before relaxing)

.comment        0x0000000000000000       0x50
 .comment       0x0000000000000000       0x50 ./Core/Src/library.o
                                         0x51 (size before relaxing)
 .comment       0x0000000000000050       0x51 ./Core/Src/main.o
 .comment       0x0000000000000050       0x51 ./Core/Src/stm32f3xx_hal_msp.o
 .comment       0x0000000000000050       0x51 ./Core/Src/stm32f3xx_it.o
 .comment       0x0000000000000050       0x51 ./Core/Src/system_stm32f3xx.o
 .comment       0x0000000000000050       0x51 ./Drivers/STM32F3xx_HAL_Driver/Src/stm32f3xx_hal.o
 .comment       0x0000000000000050       0x51 ./Drivers/STM32F3xx_HAL_Driver/Src/stm32f3xx_hal_cortex.o
 .comment       0x0000000000000050       0x51 ./Drivers/STM32F3xx_HAL_Driver/Src/stm32f3xx_hal_gpio.o
 .comment       0x0000000000000050       0x51 ./Drivers/STM32F3xx_HAL_Driver/Src/stm32f3xx_hal_rcc.o
 .comment       0x0000000000000050       0x51 ./Drivers/STM32F3xx_HAL_Driver/Src/stm32f3xx_hal_rcc_ex.o
 .comment       0x0000000000000050       0x51 ./Drivers/STM32F3xx_HAL_Driver/Src/stm32f3xx_hal_uart.o

.debug_frame    0x0000000000000000     0x1ae8
 .debug_frame   0x0000000000000000      0x1fc ./Core/Src/library.o
 .debug_frame   0x00000000000001fc       0xb0 ./Core/Src/main.o
 .debug_frame   0x00000000000002ac       0xcc ./Core/Src/stm32f3xx_hal_msp.o
 .debug_frame   0x0000000000000378      0x104 ./Core/Src/stm32f3xx_it.o
 .debug_frame   0x000000000000047c       0x58 ./Core/Src/system_stm32f3xx.o
 .debug_frame   0x00000000000004d4      0x334 ./Drivers/STM32F3xx_HAL_Driver/Src/stm32f3xx_hal.o
 .debug_frame   0x0000000000000808      0x498 ./Drivers/STM32F3xx_HAL_Driver/Src/stm32f3xx_hal_cortex.o
 .debug_frame   0x0000000000000ca0      0x14c ./Drivers/STM32F3xx_HAL_Driver/Src/stm32f3xx_hal_gpio.o
 .debug_frame   0x0000000000000dec      0x214 ./Drivers/STM32F3xx_HAL_Driver/Src/stm32f3xx_hal_rcc.o
 .debug_frame   0x0000000000001000       0xb4 ./Drivers/STM32F3xx_HAL_Driver/Src/stm32f3xx_hal_rcc_ex.o
 .debug_frame   0x00000000000010b4      0x9e8 ./Drivers/STM32F3xx_HAL_Driver/Src/stm32f3xx_hal_uart.o
 .debug_frame   0x0000000000001a9c       0x2c d:/stm32cubeide/stm32cubeide_1.10.1/stm32cubeide/plugins/com.st.stm32cube.ide.mcu.externaltools.gnu-tools-for-stm32.10.3-2021.10.win32_1.0.0.202111181127/tools/bin/../lib/gcc/arm-none-eabi/10.3.1/../../../../arm-none-eabi/lib/thumb/v7e-m+fp/hard\libc_nano.a(lib_a-init.o)
 .debug_frame   0x0000000000001ac8       0x20 d:/stm32cubeide/stm32cubeide_1.10.1/stm32cubeide/plugins/com.st.stm32cube.ide.mcu.externaltools.gnu-tools-for-stm32.10.3-2021.10.win32_1.0.0.202111181127/tools/bin/../lib/gcc/arm-none-eabi/10.3.1/../../../../arm-none-eabi/lib/thumb/v7e-m+fp/hard\libc_nano.a(lib_a-memset.o)
