../Core/Src/main.c:153:5:main	16	static
../Core/Src/main.c:267:6:SystemClock_Config	160	static
../Core/Src/main.c:314:13:MX_USART2_UART_Init	8	static
../Core/Src/main.c:349:13:MX_GPIO_Init	48	static
../Core/Src/main.c:381:6:SetMode	16	static
../Core/Src/main.c:385:6:SetType	16	static
../Core/Src/main.c:389:6:SetSpeed	16	static
../Core/Src/main.c:393:6:SetPullType	16	static
../Core/Src/main.c:397:6:SetPin	16	static
../Core/Src/main.c:405:6:Tasks	24	static
../Core/Src/main.c:459:6:Terminal	24	static
../Core/Src/main.c:488:6:execScene	32	static
../Core/Src/main.c:551:6:HAL_TIM_PeriodElapsedCallback	16	static
../Core/Src/main.c:568:6:Error_Handler	4	static,ignoring_inline_asm
